Component: ARM Compiler 5.06 update 6 (build 750) Tool: armlink [4d35ed]

==============================================================================

Section Cross References

    main_app.o(i.main_app) refers to _printf_percent.o(.ARM.Collect$$_printf_percent$$00000000) for _printf_percent
    main_app.o(i.main_app) refers to _printf_c.o(.ARM.Collect$$_printf_percent$$00000013) for _printf_c
    main_app.o(i.main_app) refers to _printf_str.o(.text) for _printf_str
    main_app.o(i.main_app) refers to osal_driver.o(i.osal_driver_get_object) for osal_driver_get_object
    main_app.o(i.main_app) refers to print.o(i.getch) for getch
    main_app.o(i.main_app) refers to noretval__2printf.o(.text) for __2printf
    kmain.o(i.SystemClock_Config) refers to stm32l4xx_hal_rcc.o(i.HAL_RCC_OscConfig) for HAL_RCC_OscConfig
    kmain.o(i.SystemClock_Config) refers to stm32l4xx_hal_rcc.o(i.HAL_RCC_ClockConfig) for HAL_RCC_ClockConfig
    kmain.o(i.main) refers to stm32l4xx_hal.o(i.HAL_Init) for HAL_Init
    kmain.o(i.main) refers to kmain.o(i.SystemClock_Config) for SystemClock_Config
    kmain.o(i.main) refers to kmain.o(i.SystemClock_All_GpioClock_Enable) for SystemClock_All_GpioClock_Enable
    kmain.o(i.main) refers to bsp_pandora.o(i.bsp_pandora_board_init) for bsp_pandora_board_init
    kmain.o(i.main) refers to delay.o(i.delay_init) for delay_init
    kmain.o(i.main) refers to main_app.o(i.main_app) for main_app
    stm32l4xx_it.o(i.SysTick_Handler) refers to stm32l4xx_hal.o(i.HAL_IncTick) for HAL_IncTick
    system_stm32l4xx.o(i.SystemCoreClockUpdate) refers to system_stm32l4xx.o(.constdata) for MSIRangeTable
    system_stm32l4xx.o(i.SystemCoreClockUpdate) refers to system_stm32l4xx.o(.data) for SystemCoreClock
    startup_stm32l475xx.o(STACK) refers (Special) to heapauxi.o(.text) for __use_two_region_memory
    startup_stm32l475xx.o(HEAP) refers (Special) to heapauxi.o(.text) for __use_two_region_memory
    startup_stm32l475xx.o(RESET) refers (Special) to heapauxi.o(.text) for __use_two_region_memory
    startup_stm32l475xx.o(RESET) refers to startup_stm32l475xx.o(STACK) for __initial_sp
    startup_stm32l475xx.o(RESET) refers to startup_stm32l475xx.o(.text) for Reset_Handler
    startup_stm32l475xx.o(RESET) refers to stm32l4xx_it.o(i.NMI_Handler) for NMI_Handler
    startup_stm32l475xx.o(RESET) refers to stm32l4xx_it.o(i.HardFault_Handler) for HardFault_Handler
    startup_stm32l475xx.o(RESET) refers to stm32l4xx_it.o(i.MemManage_Handler) for MemManage_Handler
    startup_stm32l475xx.o(RESET) refers to stm32l4xx_it.o(i.BusFault_Handler) for BusFault_Handler
    startup_stm32l475xx.o(RESET) refers to stm32l4xx_it.o(i.UsageFault_Handler) for UsageFault_Handler
    startup_stm32l475xx.o(RESET) refers to stm32l4xx_it.o(i.SVC_Handler) for SVC_Handler
    startup_stm32l475xx.o(RESET) refers to stm32l4xx_it.o(i.DebugMon_Handler) for DebugMon_Handler
    startup_stm32l475xx.o(RESET) refers to stm32l4xx_it.o(i.PendSV_Handler) for PendSV_Handler
    startup_stm32l475xx.o(RESET) refers to stm32l4xx_it.o(i.SysTick_Handler) for SysTick_Handler
    startup_stm32l475xx.o(.text) refers (Special) to heapauxi.o(.text) for __use_two_region_memory
    startup_stm32l475xx.o(.text) refers to system_stm32l4xx.o(i.SystemInit) for SystemInit
    startup_stm32l475xx.o(.text) refers to __main.o(!!!main) for __main
    startup_stm32l475xx.o(.text) refers to startup_stm32l475xx.o(HEAP) for Heap_Mem
    startup_stm32l475xx.o(.text) refers to startup_stm32l475xx.o(STACK) for Stack_Mem
    delay.o(i.delay_init) refers to stm32l4xx_hal_cortex.o(i.HAL_SYSTICK_CLKSourceConfig) for HAL_SYSTICK_CLKSourceConfig
    delay.o(i.delay_init) refers to delay.o(.data) for fac_us
    delay.o(i.delay_ms) refers to delay.o(i.delay_us) for delay_us
    delay.o(i.delay_us) refers to delay.o(.data) for fac_us
    sys.o(i.SystemClock_Config) refers to stm32l4xx_hal_rcc.o(i.HAL_RCC_OscConfig) for HAL_RCC_OscConfig
    sys.o(i.SystemClock_Config) refers to stm32l4xx_hal_rcc.o(i.HAL_RCC_ClockConfig) for HAL_RCC_ClockConfig
    sys.o(i.SystemClock_Config) refers to stm32l4xx_hal_pwr_ex.o(i.HAL_PWREx_ControlVoltageScaling) for HAL_PWREx_ControlVoltageScaling
    usart.o(i.uart_init) refers to stm32l4xx_hal_uart.o(i.HAL_UART_Init) for HAL_UART_Init
    usart.o(i.uart_init) refers to stm32l4xx_hal_cortex.o(i.HAL_NVIC_EnableIRQ) for HAL_NVIC_EnableIRQ
    usart.o(i.uart_init) refers to stm32l4xx_hal_cortex.o(i.HAL_NVIC_SetPriority) for HAL_NVIC_SetPriority
    usart.o(i.uart_init) refers to usart.o(.bss) for UART1_Handler
    print.o(.rev16_text) refers (Special) to use_no_semi_2.o(.text) for __use_no_semihosting
    print.o(.revsh_text) refers (Special) to use_no_semi_2.o(.text) for __use_no_semihosting
    print.o(.rrx_text) refers (Special) to use_no_semi_2.o(.text) for __use_no_semihosting
    print.o(i._sys_exit) refers (Special) to use_no_semi_2.o(.text) for __use_no_semihosting
[...]
    ..\..\os\driver\STM32L4xx_HAL_Driver\Src\stm32l4xx_hal_gfxmmu.c 0x00000000   Number         0  stm32l4xx_hal_gfxmmu.o ABSOLUTE
    ..\..\os\driver\STM32L4xx_HAL_Driver\Src\stm32l4xx_hal_gpio.c 0x00000000   Number         0  stm32l4xx_hal_gpio.o ABSOLUTE
    ..\..\os\driver\STM32L4xx_HAL_Driver\Src\stm32l4xx_hal_hash.c 0x00000000   Number         0  stm32l4xx_hal_hash.o ABSOLUTE
    ..\..\os\driver\STM32L4xx_HAL_Driver\Src\stm32l4xx_hal_hash_ex.c 0x00000000   Number         0  stm32l4xx_hal_hash_ex.o ABSOLUTE
    ..\..\os\driver\STM32L4xx_HAL_Driver\Src\stm32l4xx_hal_hcd.c 0x00000000   Number         0  stm32l4xx_hal_hcd.o ABSOLUTE
    ..\..\os\driver\STM32L4xx_HAL_Driver\Src\stm32l4xx_hal_i2c.c 0x00000000   Number         0  stm32l4xx_hal_i2c.o ABSOLUTE
    ..\..\os\driver\STM32L4xx_HAL_Driver\Src\stm32l4xx_hal_i2c_ex.c 0x00000000   Number         0  stm32l4xx_hal_i2c_ex.o ABSOLUTE
    ..\..\os\driver\STM32L4xx_HAL_Driver\Src\stm32l4xx_hal_irda.c 0x00000000   Number         0  stm32l4xx_hal_irda.o ABSOLUTE
    ..\..\os\driver\STM32L4xx_HAL_Driver\Src\stm32l4xx_hal_iwdg.c 0x00000000   Number         0  stm32l4xx_hal_iwdg.o ABSOLUTE
    ..\..\os\driver\STM32L4xx_HAL_Driver\Src\stm32l4xx_hal_lcd.c 0x00000000   Number         0  stm32l4xx_hal_lcd.o ABSOLUTE
    ..\..\os\driver\STM32L4xx_HAL_Driver\Src\stm32l4xx_hal_lptim.c 0x00000000   Number         0  stm32l4xx_hal_lptim.o ABSOLUTE
    ..\..\os\driver\STM32L4xx_HAL_Driver\Src\stm32l4xx_hal_ltdc.c 0x00000000   Number         0  stm32l4xx_hal_ltdc.o ABSOLUTE
    ..\..\os\driver\STM32L4xx_HAL_Driver\Src\stm32l4xx_hal_ltdc_ex.c 0x00000000   Number         0  stm32l4xx_hal_ltdc_ex.o ABSOLUTE
    ..\..\os\driver\STM32L4xx_HAL_Driver\Src\stm32l4xx_hal_nand.c 0x00000000   Number         0  stm32l4xx_hal_nand.o ABSOLUTE
    ..\..\os\driver\STM32L4xx_HAL_Driver\Src\stm32l4xx_hal_nor.c 0x00000000   Number         0  stm32l4xx_hal_nor.o ABSOLUTE
    ..\..\os\driver\STM32L4xx_HAL_Driver\Src\stm32l4xx_hal_opamp.c 0x00000000   Number         0  stm32l4xx_hal_opamp.o ABSOLUTE
    ..\..\os\driver\STM32L4xx_HAL_Driver\Src\stm32l4xx_hal_opamp_ex.c 0x00000000   Number         0  stm32l4xx_hal_opamp_ex.o ABSOLUTE
    ..\..\os\driver\STM32L4xx_HAL_Driver\Src\stm32l4xx_hal_ospi.c 0x00000000   Number         0  stm32l4xx_hal_ospi.o ABSOLUTE
    ..\..\os\driver\STM32L4xx_HAL_Driver\Src\stm32l4xx_hal_pcd.c 0x00000000   Number         0  stm32l4xx_hal_pcd.o ABSOLUTE
    ..\..\os\driver\STM32L4xx_HAL_Driver\Src\stm32l4xx_hal_pcd_ex.c 0x00000000   Number         0  stm32l4xx_hal_pcd_ex.o ABSOLUTE
    ..\..\os\driver\STM32L4xx_HAL_Driver\Src\stm32l4xx_hal_pwr.c 0x00000000   Number         0  stm32l4xx_hal_pwr.o ABSOLUTE
    ..\..\os\driver\STM32L4xx_HAL_Driver\Src\stm32l4xx_hal_pwr_ex.c 0x00000000   Number         0  stm32l4xx_hal_pwr_ex.o ABSOLUTE
    ..\..\os\driver\STM32L4xx_HAL_Driver\Src\stm32l4xx_hal_qspi.c 0x00000000   Number         0  stm32l4xx_hal_qspi.o ABSOLUTE
    ..\..\os\driver\STM32L4xx_HAL_Driver\Src\stm32l4xx_hal_rcc.c 0x00000000   Number         0  stm32l4xx_hal_rcc.o ABSOLUTE
    ..\..\os\driver\STM32L4xx_HAL_Driver\Src\stm32l4xx_hal_rcc_ex.c 0x00000000   Number         0  stm32l4xx_hal_rcc_ex.o ABSOLUTE
    ..\..\os\driver\STM32L4xx_HAL_Driver\Src\stm32l4xx_hal_rng.c 0x00000000   Number         0  stm32l4xx_hal_rng.o ABSOLUTE
    ..\..\os\driver\STM32L4xx_HAL_Driver\Src\stm32l4xx_hal_rtc.c 0x00000000   Number         0  stm32l4xx_hal_rtc.o ABSOLUTE
    ..\..\os\driver\STM32L4xx_HAL_Driver\Src\stm32l4xx_hal_rtc_ex.c 0x00000000   Number         0  stm32l4xx_hal_rtc_ex.o ABSOLUTE
    ..\..\os\driver\STM32L4xx_HAL_Driver\Src\stm32l4xx_hal_sai.c 0x00000000   Number         0  stm32l4xx_hal_sai.o ABSOLUTE
    ..\..\os\driver\STM32L4xx_HAL_Driver\Src\stm32l4xx_hal_sai_ex.c 0x00000000   Number         0  stm32l4xx_hal_sai_ex.o ABSOLUTE
    ..\..\os\driver\STM32L4xx_HAL_Driver\Src\stm32l4xx_hal_sd.c 0x00000000   Number         0  stm32l4xx_hal_sd.o ABSOLUTE
    ..\..\os\driver\STM32L4xx_HAL_Driver\Src\stm32l4xx_hal_sd_ex.c 0x00000000   Number         0  stm32l4xx_hal_sd_ex.o ABSOLUTE
    ..\..\os\driver\STM32L4xx_HAL_Driver\Src\stm32l4xx_hal_smartcard.c 0x00000000   Number         0  stm32l4xx_hal_smartcard.o ABSOLUTE
    ..\..\os\driver\STM32L4xx_HAL_Driver\Src\stm32l4xx_hal_smartcard_ex.c 0x00000000   Number         0  stm32l4xx_hal_smartcard_ex.o ABSOLUTE
    ..\..\os\driver\STM32L4xx_HAL_Driver\Src\stm32l4xx_hal_smbus.c 0x00000000   Number         0  stm32l4xx_hal_smbus.o ABSOLUTE
    ..\..\os\driver\STM32L4xx_HAL_Driver\Src\stm32l4xx_hal_spi.c 0x00000000   Number         0  stm32l4xx_hal_spi.o ABSOLUTE
    ..\..\os\driver\STM32L4xx_HAL_Driver\Src\stm32l4xx_hal_spi_ex.c 0x00000000   Number         0  stm32l4xx_hal_spi_ex.o ABSOLUTE
    ..\..\os\driver\STM32L4xx_HAL_Driver\Src\stm32l4xx_hal_sram.c 0x00000000   Number         0  stm32l4xx_hal_sram.o ABSOLUTE
    ..\..\os\driver\STM32L4xx_HAL_Driver\Src\stm32l4xx_hal_swpmi.c 0x00000000   Number         0  stm32l4xx_hal_swpmi.o ABSOLUTE
    ..\..\os\driver\STM32L4xx_HAL_Driver\Src\stm32l4xx_hal_tim.c 0x00000000   Number         0  stm32l4xx_hal_tim.o ABSOLUTE
    ..\..\os\driver\STM32L4xx_HAL_Driver\Src\stm32l4xx_hal_tim_ex.c 0x00000000   Number         0  stm32l4xx_hal_tim_ex.o ABSOLUTE
    ..\..\os\driver\STM32L4xx_HAL_Driver\Src\stm32l4xx_hal_tsc.c 0x00000000   Number         0  stm32l4xx_hal_tsc.o ABSOLUTE
    ..\..\os\driver\STM32L4xx_HAL_Driver\Src\stm32l4xx_hal_uart.c 0x00000000   Number         0  stm32l4xx_hal_uart.o ABSOLUTE
    ..\..\os\driver\STM32L4xx_HAL_Driver\Src\stm32l4xx_hal_uart_ex.c 0x00000000   Number         0  stm32l4xx_hal_uart_ex.o ABSOLUTE
    ..\..\os\driver\STM32L4xx_HAL_Driver\Src\stm32l4xx_hal_usart.c 0x00000000   Number         0  stm32l4xx_hal_usart.o ABSOLUTE
    ..\..\os\driver\STM32L4xx_HAL_Driver\Src\stm32l4xx_hal_usart_ex.c 0x00000000   Number         0  stm32l4xx_hal_usart_ex.o ABSOLUTE
    ..\..\os\driver\STM32L4xx_HAL_Driver\Src\stm32l4xx_hal_wwdg.c 0x00000000   Number         0  stm32l4xx_hal_wwdg.o ABSOLUTE
    ..\..\os\driver\STM32L4xx_HAL_Driver\Src\stm32l4xx_ll_adc.c 0x00000000   Number         0  stm32l4xx_ll_adc.o ABSOLUTE
    ..\..\os\driver\STM32L4xx_HAL_Driver\Src\stm32l4xx_ll_comp.c 0x00000000   Number         0  stm32l4xx_ll_comp.o ABSOLUTE
    ..\..\os\driver\STM32L4xx_HAL_Driver\Src\stm32l4xx_ll_crc.c 0x00000000   Number         0  stm32l4xx_ll_crc.o ABSOLUTE
    ..\..\os\driver\STM32L4xx_HAL_Driver\Src\stm32l4xx_ll_crs.c 0x00000000   Number         0  stm32l4xx_ll_crs.o ABSOLUTE
    ..\..\os\driver\STM32L4xx_HAL_Driver\Src\stm32l4xx_ll_dac.c 0x00000000   Number         0  stm32l4xx_ll_dac.o ABSOLUTE
    ..\..\os\driver\STM32L4xx_HAL_Driver\Src\stm32l4xx_ll_dma.c 0x00000000   Number         0  stm32l4xx_ll_dma.o ABSOLUTE
    ..\..\os\driver\STM32L4xx_HAL_Driver\Src\stm32l4xx_ll_dma2d.c 0x00000000   Number         0  stm32l4xx_ll_dma2d.o ABSOLUTE
    ..\..\os\driver\STM32L4xx_HAL_Driver\Src\stm32l4xx_ll_exti.c 0x00000000   Number         0  stm32l4xx_ll_exti.o ABSOLUTE
    ..\..\os\driver\STM32L4xx_HAL_Driver\Src\stm32l4xx_ll_fmc.c 0x00000000   Number         0  stm32l4xx_ll_fmc.o ABSOLUTE
    ..\..\os\driver\STM32L4xx_HAL_Driver\Src\stm32l4xx_ll_gpio.c 0x00000000   Number         0  stm32l4xx_ll_gpio.o ABSOLUTE
    ..\..\os\driver\STM32L4xx_HAL_Driver\Src\stm32l4xx_ll_i2c.c 0x00000000   Number         0  stm32l4xx_ll_i2c.o ABSOLUTE
    ..\..\os\driver\STM32L4xx_HAL_Driver\Src\stm32l4xx_ll_lptim.c 0x00000000   Number         0  stm32l4xx_ll_lptim.o ABSOLUTE
    ..\..\os\driver\STM32L4xx_HAL_Driver\Src\stm32l4xx_ll_lpuart.c 0x00000000   Number         0  stm32l4xx_ll_lpuart.o ABSOLUTE
    ..\..\os\driver\STM32L4xx_HAL_Driver\Src\stm32l4xx_ll_opamp.c 0x00000000   Number         0  stm32l4xx_ll_opamp.o ABSOLUTE
    ..\..\os\driver\STM32L4xx_HAL_Driver\Src\stm32l4xx_ll_pwr.c 0x00000000   Number         0  stm32l4xx_ll_pwr.o ABSOLUTE
    ..\..\os\driver\STM32L4xx_HAL_Driver\Src\stm32l4xx_ll_rcc.c 0x00000000   Number         0  stm32l4xx_ll_rcc.o ABSOLUTE
    ..\..\os\driver\STM32L4xx_HAL_Driver\Src\stm32l4xx_ll_rng.c 0x00000000   Number         0  stm32l4xx_ll_rng.o ABSOLUTE
    ..\..\os\driver\STM32L4xx_HAL_Driver\Src\stm32l4xx_ll_rtc.c 0x00000000   Number         0  stm32l4xx_ll_rtc.o ABSOLUTE
    ..\..\os\driver\STM32L4xx_HAL_Driver\Src\stm32l4xx_ll_sdmmc.c 0x00000000   Number         0  stm32l4xx_ll_sdmmc.o ABSOLUTE
    ..\..\os\driver\STM32L4xx_HAL_Driver\Src\stm32l4xx_ll_spi.c 0x00000000   Number         0  stm32l4xx_ll_spi.o ABSOLUTE
    ..\..\os\driver\STM32L4xx_HAL_Driver\Src\stm32l4xx_ll_swpmi.c 0x00000000   Number         0  stm32l4xx_ll_swpmi.o ABSOLUTE
    ..\..\os\driver\STM32L4xx_HAL_Driver\Src\stm32l4xx_ll_tim.c 0x00000000   Number         0  stm32l4xx_ll_tim.o ABSOLUTE
    ..\..\os\driver\STM32L4xx_HAL_Driver\Src\stm32l4xx_ll_usart.c 0x00000000   Number         0  stm32l4xx_ll_usart.o ABSOLUTE
    ..\..\os\driver\STM32L4xx_HAL_Driver\Src\stm32l4xx_ll_usb.c 0x00000000   Number         0  stm32l4xx_ll_usb.o ABSOLUTE
    ..\..\os\driver\STM32L4xx_HAL_Driver\Src\stm32l4xx_ll_utils.c 0x00000000   Number         0  stm32l4xx_ll_utils.o ABSOLUTE
    ..\..\os\driver\board\pandora\bsp_pandora.c 0x00000000   Number         0  bsp_pandora.o ABSOLUTE
    ..\..\os\driver\osal_driver\osal_driver.c 0x00000000   Number         0  osal_driver.o ABSOLUTE
    ..\..\os\driver\osal_driver\osal_leds.c  0x00000000   Number         0  osal_leds.o ABSOLUTE
    ..\..\os\driver\osal_driver\osal_usart.c 0x00000000   Number         0  osal_usart.o ABSOLUTE
    ..\..\os\kernel\core\stm32l4xx\kstart\kmain.c 0x00000000   Number         0  kmain.o ABSOLUTE
    ..\..\os\kernel\core\stm32l4xx\kstart\stm32l4xx_hal_msp.c 0x00000000   Number         0  stm32l4xx_hal_msp.o ABSOLUTE
    ..\..\os\kernel\core\stm32l4xx\kstart\stm32l4xx_it.c 0x00000000   Number         0  stm32l4xx_it.o ABSOLUTE
    ..\..\os\kernel\core\stm32l4xx\kstart\system_stm32l4xx.c 0x00000000   Number         0  system_stm32l4xx.o ABSOLUTE
    ..\..\os\kernel\core\stm32l4xx\stm32l475xx\startup_stm32l475xx.s 0x00000000   Number         0  startup_stm32l475xx.o ABSOLUTE
    ..\..\os\kernel\third\delay\delay.c      0x00000000   Number         0  delay.o ABSOLUTE
    ..\..\os\kernel\third\sys\sys.c          0x00000000   Number         0  sys.o ABSOLUTE
    ..\..\os\kernel\third\usart\usart.c      0x00000000   Number         0  usart.o ABSOLUTE
    ..\..\os\kernel\utilities\print.c        0x00000000   Number         0  print.o ABSOLUTE
    ..\\..\\app\\main_app.c                  0x00000000   Number         0  main_app.o ABSOLUTE
    ..\\..\\os\\driver\\STM32L4xx_HAL_Driver\\Src\\stm32l4xx_hal.c 0x00000000   Number         0  stm32l4xx_hal.o ABSOLUTE
    ..\\..\\os\\driver\\STM32L4xx_HAL_Driver\\Src\\stm32l4xx_hal_adc.c 0x00000000   Number         0  stm32l4xx_hal_adc.o ABSOLUTE
    ..\\..\\os\\driver\\STM32L4xx_HAL_Driver\\Src\\stm32l4xx_hal_adc_ex.c 0x00000000   Number         0  stm32l4xx_hal_adc_ex.o ABSOLUTE
    ..\\..\\os\\driver\\STM32L4xx_HAL_Driver\\Src\\stm32l4xx_hal_can.c 0x00000000   Number         0  stm32l4xx_hal_can.o ABSOLUTE
    ..\\..\\os\\driver\\STM32L4xx_HAL_Driver\\Src\\stm32l4xx_hal_comp.c 0x00000000   Number         0  stm32l4xx_hal_comp.o ABSOLUTE
    ..\\..\\os\\driver\\STM32L4xx_HAL_Driver\\Src\\stm32l4xx_hal_cortex.c 0x00000000   Number         0  stm32l4xx_hal_cortex.o ABSOLUTE
    ..\\..\\os\\driver\\STM32L4xx_HAL_Driver\\Src\\stm32l4xx_hal_crc.c 0x00000000   Number         0  stm32l4xx_hal_crc.o ABSOLUTE
    ..\\..\\os\\driver\\STM32L4xx_HAL_Driver\\Src\\stm32l4xx_hal_crc_ex.c 0x00000000   Number         0  stm32l4xx_hal_crc_ex.o ABSOLUTE
    ..\\..\\os\\driver\\STM32L4xx_HAL_Driver\\Src\\stm32l4xx_hal_cryp.c 0x00000000   Number         0  stm32l4xx_hal_cryp.o ABSOLUTE
    ..\\..\\os\\driver\\STM32L4xx_HAL_Driver\\Src\\stm32l4xx_hal_cryp_ex.c 0x00000000   Number         0  stm32l4xx_hal_cryp_ex.o ABSOLUTE
    ..\\..\\os\\driver\\STM32L4xx_HAL_Driver\\Src\\stm32l4xx_hal_dac.c 0x00000000   Number         0  stm32l4xx_hal_dac.o ABSOLUTE
    ..\\..\\os\\driver\\STM32L4xx_HAL_Driver\\Src\\stm32l4xx_hal_dac_ex.c 0x00000000   Number         0  stm32l4xx_hal_dac_ex.o ABSOLUTE
    ..\\..\\os\\driver\\STM32L4xx_HAL_Driver\\Src\\stm32l4xx_hal_dcmi.c 0x00000000   Number         0  stm32l4xx_hal_dcmi.o ABSOLUTE
    ..\\..\\os\\driver\\STM32L4xx_HAL_Driver\\Src\\stm32l4xx_hal_dfsdm.c 0x00000000   Number         0  stm32l4xx_hal_dfsdm.o ABSOLUTE
    ..\\..\\os\\driver\\STM32L4xx_HAL_Driver\\Src\\stm32l4xx_hal_dfsdm_ex.c 0x00000000   Number         0  stm32l4xx_hal_dfsdm_ex.o ABSOLUTE
    ..\\..\\os\\driver\\STM32L4xx_HAL_Driver\\Src\\stm32l4xx_hal_dma.c 0x00000000   Number         0  stm32l4xx_hal_dma.o ABSOLUTE
    ..\\..\\os\\driver\\STM32L4xx_HAL_Driver\\Src\\stm32l4xx_hal_dma2d.c 0x00000000   Number         0  stm32l4xx_hal_dma2d.o ABSOLUTE
    ..\\..\\os\\driver\\STM32L4xx_HAL_Driver\\Src\\stm32l4xx_hal_dma_ex.c 0x00000000   Number         0  stm32l4xx_hal_dma_ex.o ABSOLUTE
    ..\\..\\os\\driver\\STM32L4xx_HAL_Driver\\Src\\stm32l4xx_hal_dsi.c 0x00000000   Number         0  stm32l4xx_hal_dsi.o ABSOLUTE
    ..\\..\\os\\driver\\STM32L4xx_HAL_Driver\\Src\\stm32l4xx_hal_exti.c 0x00000000   Number         0  stm32l4xx_hal_exti.o ABSOLUTE
    ..\\..\\os\\driver\\STM32L4xx_HAL_Driver\\Src\\stm32l4xx_hal_firewall.c 0x00000000   Number         0  stm32l4xx_hal_firewall.o ABSOLUTE
    ..\\..\\os\\driver\\STM32L4xx_HAL_Driver\\Src\\stm32l4xx_hal_flash.c 0x00000000   Number         0  stm32l4xx_hal_flash.o ABSOLUTE
    ..\\..\\os\\driver\\STM32L4xx_HAL_Driver\\Src\\stm32l4xx_hal_flash_ex.c 0x00000000   Number         0  stm32l4xx_hal_flash_ex.o ABSOLUTE
    ..\\..\\os\\driver\\STM32L4xx_HAL_Driver\\Src\\stm32l4xx_hal_flash_ramfunc.c 0x00000000   Number         0  stm32l4xx_hal_flash_ramfunc.o ABSOLUTE
    ..\\..\\os\\driver\\STM32L4xx_HAL_Driver\\Src\\stm32l4xx_hal_gfxmmu.c 0x00000000   Number         0  stm32l4xx_hal_gfxmmu.o ABSOLUTE
    ..\\..\\os\\driver\\STM32L4xx_HAL_Driver\\Src\\stm32l4xx_hal_gpio.c 0x00000000   Number         0  stm32l4xx_hal_gpio.o ABSOLUTE
    ..\\..\\os\\driver\\STM32L4xx_HAL_Driver\\Src\\stm32l4xx_hal_hash.c 0x00000000   Number         0  stm32l4xx_hal_hash.o ABSOLUTE
    ..\\..\\os\\driver\\STM32L4xx_HAL_Driver\\Src\\stm32l4xx_hal_hash_ex.c 0x00000000   Number         0  stm32l4xx_hal_hash_ex.o ABSOLUTE
    ..\\..\\os\\driver\\STM32L4xx_HAL_Driver\\Src\\stm32l4xx_hal_hcd.c 0x00000000   Number         0  stm32l4xx_hal_hcd.o ABSOLUTE
    ..\\..\\os\\driver\\STM32L4xx_HAL_Driver\\Src\\stm32l4xx_hal_i2c.c 0x00000000   Number         0  stm32l4xx_hal_i2c.o ABSOLUTE
    ..\\..\\os\\driver\\STM32L4xx_HAL_Driver\\Src\\stm32l4xx_hal_i2c_ex.c 0x00000000   Number         0  stm32l4xx_hal_i2c_ex.o ABSOLUTE
    ..\\..\\os\\driver\\STM32L4xx_HAL_Driver\\Src\\stm32l4xx_hal_irda.c 0x00000000   Number         0  stm32l4xx_hal_irda.o ABSOLUTE
    ..\\..\\os\\driver\\STM32L4xx_HAL_Driver\\Src\\stm32l4xx_hal_iwdg.c 0x00000000   Number         0  stm32l4xx_hal_iwdg.o ABSOLUTE
    ..\\..\\os\\driver\\STM32L4xx_HAL_Driver\\Src\\stm32l4xx_hal_lcd.c 0x00000000   Number         0  stm32l4xx_hal_lcd.o ABSOLUTE
    ..\\..\\os\\driver\\STM32L4xx_HAL_Driver\\Src\\stm32l4xx_hal_lptim.c 0x00000000   Number         0  stm32l4xx_hal_lptim.o ABSOLUTE
    ..\\..\\os\\driver\\STM32L4xx_HAL_Driver\\Src\\stm32l4xx_hal_ltdc.c 0x00000000   Number         0  stm32l4xx_hal_ltdc.o ABSOLUTE
    ..\\..\\os\\driver\\STM32L4xx_HAL_Driver\\Src\\stm32l4xx_hal_ltdc_ex.c 0x00000000   Number         0  stm32l4xx_hal_ltdc_ex.o ABSOLUTE
    ..\\..\\os\\driver\\STM32L4xx_HAL_Driver\\Src\\stm32l4xx_hal_nand.c 0x00000000   Number         0  stm32l4xx_hal_nand.o ABSOLUTE
    ..\\..\\os\\driver\\STM32L4xx_HAL_Driver\\Src\\stm32l4xx_hal_nor.c 0x00000000   Number         0  stm32l4xx_hal_nor.o ABSOLUTE
    ..\\..\\os\\driver\\STM32L4xx_HAL_Driver\\Src\\stm32l4xx_hal_opamp.c 0x00000000   Number         0  stm32l4xx_hal_opamp.o ABSOLUTE
    ..\\..\\os\\driver\\STM32L4xx_HAL_Driver\\Src\\stm32l4xx_hal_opamp_ex.c 0x00000000   Number         0  stm32l4xx_hal_opamp_ex.o ABSOLUTE
    ..\\..\\os\\driver\\STM32L4xx_HAL_Driver\\Src\\stm32l4xx_hal_ospi.c 0x00000000   Number         0  stm32l4xx_hal_ospi.o ABSOLUTE
    ..\\..\\os\\driver\\STM32L4xx_HAL_Driver\\Src\\stm32l4xx_hal_pcd.c 0x00000000   Number         0  stm32l4xx_hal_pcd.o ABSOLUTE
    ..\\..\\os\\driver\\STM32L4xx_HAL_Driver\\Src\\stm32l4xx_hal_pcd_ex.c 0x00000000   Number         0  stm32l4xx_hal_pcd_ex.o ABSOLUTE
    ..\\..\\os\\driver\\STM32L4xx_HAL_Driver\\Src\\stm32l4xx_hal_pwr.c 0x00000000   Number         0  stm32l4xx_hal_pwr.o ABSOLUTE
    ..\\..\\os\\driver\\STM32L4xx_HAL_Driver\\Src\\stm32l4xx_hal_pwr_ex.c 0x00000000   Number         0  stm32l4xx_hal_pwr_ex.o ABSOLUTE
    ..\\..\\os\\driver\\STM32L4xx_HAL_Driver\\Src\\stm32l4xx_hal_qspi.c 0x00000000   Number         0  stm32l4xx_hal_qspi.o ABSOLUTE
    ..\\..\\os\\driver\\STM32L4xx_HAL_Driver\\Src\\stm32l4xx_hal_rcc.c 0x00000000   Number         0  stm32l4xx_hal_rcc.o ABSOLUTE
    ..\\..\\os\\driver\\STM32L4xx_HAL_Driver\\Src\\stm32l4xx_hal_rcc_ex.c 0x00000000   Number         0  stm32l4xx_hal_rcc_ex.o ABSOLUTE
    ..\\..\\os\\driver\\STM32L4xx_HAL_Driver\\Src\\stm32l4xx_hal_rng.c 0x00000000   Number         0  stm32l4xx_hal_rng.o ABSOLUTE
    ..\\..\\os\\driver\\STM32L4xx_HAL_Driver\\Src\\stm32l4xx_hal_rtc.c 0x00000000   Number         0  stm32l4xx_hal_rtc.o ABSOLUTE
    ..\\..\\os\\driver\\STM32L4xx_HAL_Driver\\Src\\stm32l4xx_hal_rtc_ex.c 0x00000000   Number         0  stm32l4xx_hal_rtc_ex.o ABSOLUTE
    ..\\..\\os\\driver\\STM32L4xx_HAL_Driver\\Src\\stm32l4xx_hal_sai.c 0x00000000   Number         0  stm32l4xx_hal_sai.o ABSOLUTE
    ..\\..\\os\\driver\\STM32L4xx_HAL_Driver\\Src\\stm32l4xx_hal_sai_ex.c 0x00000000   Number         0  stm32l4xx_hal_sai_ex.o ABSOLUTE
    ..\\..\\os\\driver\\STM32L4xx_HAL_Driver\\Src\\stm32l4xx_hal_sd.c 0x00000000   Number         0  stm32l4xx_hal_sd.o ABSOLUTE
    ..\\..\\os\\driver\\STM32L4xx_HAL_Driver\\Src\\stm32l4xx_hal_sd_ex.c 0x00000000   Number         0  stm32l4xx_hal_sd_ex.o ABSOLUTE
    ..\\..\\os\\driver\\STM32L4xx_HAL_Driver\\Src\\stm32l4xx_hal_smartcard.c 0x00000000   Number         0  stm32l4xx_hal_smartcard.o ABSOLUTE
    ..\\..\\os\\driver\\STM32L4xx_HAL_Driver\\Src\\stm32l4xx_hal_smartcard_ex.c 0x00000000   Number         0  stm32l4xx_hal_smartcard_ex.o ABSOLUTE
    ..\\..\\os\\driver\\STM32L4xx_HAL_Driver\\Src\\stm32l4xx_hal_smbus.c 0x00000000   Number         0  stm32l4xx_hal_smbus.o ABSOLUTE
    ..\\..\\os\\driver\\STM32L4xx_HAL_Driver\\Src\\stm32l4xx_hal_spi.c 0x00000000   Number         0  stm32l4xx_hal_spi.o ABSOLUTE
    ..\\..\\os\\driver\\STM32L4xx_HAL_Driver\\Src\\stm32l4xx_hal_spi_ex.c 0x00000000   Number         0  stm32l4xx_hal_spi_ex.o ABSOLUTE
    ..\\..\\os\\driver\\STM32L4xx_HAL_Driver\\Src\\stm32l4xx_hal_sram.c 0x00000000   Number         0  stm32l4xx_hal_sram.o ABSOLUTE
    ..\\..\\os\\driver\\STM32L4xx_HAL_Driver\\Src\\stm32l4xx_hal_swpmi.c 0x00000000   Number         0  stm32l4xx_hal_swpmi.o ABSOLUTE
    ..\\..\\os\\driver\\STM32L4xx_HAL_Driver\\Src\\stm32l4xx_hal_tim.c 0x00000000   Number         0  stm32l4xx_hal_tim.o ABSOLUTE
    ..\\..\\os\\driver\\STM32L4xx_HAL_Driver\\Src\\stm32l4xx_hal_tim_ex.c 0x00000000   Number         0  stm32l4xx_hal_tim_ex.o ABSOLUTE
    ..\\..\\os\\driver\\STM32L4xx_HAL_Driver\\Src\\stm32l4xx_hal_tsc.c 0x00000000   Number         0  stm32l4xx_hal_tsc.o ABSOLUTE
    ..\\..\\os\\driver\\STM32L4xx_HAL_Driver\\Src\\stm32l4xx_hal_uart.c 0x00000000   Number         0  stm32l4xx_hal_uart.o ABSOLUTE
    ..\\..\\os\\driver\\STM32L4xx_HAL_Driver\\Src\\stm32l4xx_hal_uart_ex.c 0x00000000   Number         0  stm32l4xx_hal_uart_ex.o ABSOLUTE
    ..\\..\\os\\driver\\STM32L4xx_HAL_Driver\\Src\\stm32l4xx_hal_usart.c 0x00000000   Number         0  stm32l4xx_hal_usart.o ABSOLUTE
    ..\\..\\os\\driver\\STM32L4xx_HAL_Driver\\Src\\stm32l4xx_hal_usart_ex.c 0x00000000   Number         0  stm32l4xx_hal_usart_ex.o ABSOLUTE
    ..\\..\\os\\driver\\STM32L4xx_HAL_Driver\\Src\\stm32l4xx_hal_wwdg.c 0x00000000   Number         0  stm32l4xx_hal_wwdg.o ABSOLUTE
    ..\\..\\os\\driver\\STM32L4xx_HAL_Driver\\Src\\stm32l4xx_ll_fmc.c 0x00000000   Number         0  stm32l4xx_ll_fmc.o ABSOLUTE
    ..\\..\\os\\driver\\STM32L4xx_HAL_Driver\\Src\\stm32l4xx_ll_sdmmc.c 0x00000000   Number         0  stm32l4xx_ll_sdmmc.o ABSOLUTE
    ..\\..\\os\\driver\\STM32L4xx_HAL_Driver\\Src\\stm32l4xx_ll_usb.c 0x00000000   Number         0  stm32l4xx_ll_usb.o ABSOLUTE
    ..\\..\\os\\driver\\STM32L4xx_HAL_Driver\\Src\\stm32l4xx_ll_utils.c 0x00000000   Number         0  stm32l4xx_ll_utils.o ABSOLUTE
    ..\\..\\os\\driver\\board\\pandora\\bsp_pandora.c 0x00000000   Number         0  bsp_pandora.o ABSOLUTE
    ..\\..\\os\\driver\\osal_driver\\osal_driver.c 0x00000000   Number         0  osal_driver.o ABSOLUTE
    ..\\..\\os\\driver\\osal_driver\\osal_leds.c 0x00000000   Number         0  osal_leds.o ABSOLUTE
    ..\\..\\os\\driver\\osal_driver\\osal_usart.c 0x00000000   Number         0  osal_usart.o ABSOLUTE
    ..\\..\\os\\kernel\\core\\stm32l4xx\\kstart\\kmain.c 0x00000000   Number         0  kmain.o ABSOLUTE
    ..\\..\\os\\kernel\\core\\stm32l4xx\\kstart\\stm32l4xx_hal_msp.c 0x00000000   Number         0  stm32l4xx_hal_msp.o ABSOLUTE
    ..\\..\\os\\kernel\\core\\stm32l4xx\\kstart\\stm32l4xx_it.c 0x00000000   Number         0  stm32l4xx_it.o ABSOLUTE
    ..\\..\\os\\kernel\\core\\stm32l4xx\\kstart\\system_stm32l4xx.c 0x00000000   Number         0  system_stm32l4xx.o ABSOLUTE
    ..\\..\\os\\kernel\\third\\delay\\delay.c 0x00000000   Number         0  delay.o ABSOLUTE
    ..\\..\\os\\kernel\\third\\sys\\sys.c    0x00000000   Number         0  sys.o ABSOLUTE
    ..\\..\\os\\kernel\\third\\usart\\usart.c 0x00000000   Number         0  usart.o ABSOLUTE
    ..\\..\\os\\kernel\\utilities\\print.c   0x00000000   Number         0  print.o ABSOLUTE
    dc.s                                     0x00000000   Number         0  dc.o ABSOLUTE
    RESET                                    0x08000000   Section      392  startup_stm32l475xx.o(RESET)
    !!!main                                  0x08000188   Section        8  __main.o(!!!main)
    !!!scatter                               0x08000190   Section       52  __scatter.o(!!!scatter)
    !!dczerorl2                              0x080001c4   Section       90  __dczerorl2.o(!!dczerorl2)
    !!handler_zi                             0x08000220   Section       28  __scatter_zi.o(!!handler_zi)
    .ARM.Collect$$_printf_percent$$00000000  0x0800023c   Section        0  _printf_percent.o(.ARM.Collect$$_printf_percent$$00000000)
    .ARM.Collect$$_printf_percent$$00000009  0x0800023c   Section        6  _printf_d.o(.ARM.Collect$$_printf_percent$$00000009)
    .ARM.Collect$$_printf_percent$$00000013  0x08000242   Section        6  _printf_c.o(.ARM.Collect$$_printf_percent$$00000013)
    .ARM.Collect$$_printf_percent$$00000017  0x08000248   Section        4  _printf_percent_end.o(.ARM.Collect$$_printf_percent$$00000017)
    .ARM.Collect$$libinit$$00000000          0x0800024c   Section        2  libinit.o(.ARM.Collect$$libinit$$00000000)
    .ARM.Collect$$libinit$$00000001          0x0800024e   Section        4  libinit2.o(.ARM.Collect$$libinit$$00000001)
    .ARM.Collect$$libinit$$00000004          0x08000252   Section        0  libinit2.o(.ARM.Collect$$libinit$$00000004)
    .ARM.Collect$$libinit$$0000000A          0x08000252   Section        0  libinit2.o(.ARM.Collect$$libinit$$0000000A)
    .ARM.Collect$$libinit$$0000000C          0x08000252   Section        0  libinit2.o(.ARM.Collect$$libinit$$0000000C)
    .ARM.Collect$$libinit$$0000000E          0x08000252   Section        0  libinit2.o(.ARM.Collect$$libinit$$0000000E)
    .ARM.Collect$$libinit$$00000011          0x08000252   Section        0  libinit2.o(.ARM.Collect$$libinit$$00000011)
    .ARM.Collect$$libinit$$00000013          0x08000252   Section        0  libinit2.o(.ARM.Collect$$libinit$$00000013)
    .ARM.Collect$$libinit$$00000015          0x08000252   Section        0  libinit2.o(.ARM.Collect$$libinit$$00000015)
    .ARM.Collect$$libinit$$00000017          0x08000252   Section        0  libinit2.o(.ARM.Collect$$libinit$$00000017)
    .ARM.Collect$$libinit$$00000019          0x08000252   Section        0  libinit2.o(.ARM.Collect$$libinit$$00000019)
    .ARM.Collect$$libinit$$0000001B          0x08000252   Section        0  libinit2.o(.ARM.Collect$$libinit$$0000001B)
    .ARM.Collect$$libinit$$0000001D          0x08000252   Section        0  libinit2.o(.ARM.Collect$$libinit$$0000001D)
    .ARM.Collect$$libinit$$0000001F          0x08000252   Section        0  libinit2.o(.ARM.Collect$$libinit$$0000001F)
    .ARM.Collect$$libinit$$00000021          0x08000252   Section        0  libinit2.o(.ARM.Collect$$libinit$$00000021)
    .ARM.Collect$$libinit$$00000023          0x08000252   Section        0  libinit2.o(.ARM.Collect$$libinit$$00000023)
    .ARM.Collect$$libinit$$00000025          0x08000252   Section        0  libinit2.o(.ARM.Collect$$libinit$$00000025)
    .ARM.Collect$$libinit$$0000002C          0x08000252   Section        0  libinit2.o(.ARM.Collect$$libinit$$0000002C)
    .ARM.Collect$$libinit$$0000002E          0x08000252   Section        0  libinit2.o(.ARM.Collect$$libinit$$0000002E)
    .ARM.Collect$$libinit$$00000030          0x08000252   Section        0  libinit2.o(.ARM.Collect$$libinit$$00000030)
    .ARM.Collect$$libinit$$00000032          0x08000252   Section        0  libinit2.o(.ARM.Collect$$libinit$$00000032)
    .ARM.Collect$$libinit$$00000033          0x08000252   Section        2  libinit2.o(.ARM.Collect$$libinit$$00000033)
    .ARM.Collect$$libshutdown$$00000000      0x08000254   Section        2  libshutdown.o(.ARM.Collect$$libshutdown$$00000000)
    .ARM.Collect$$libshutdown$$00000002      0x08000256   Section        0  libshutdown2.o(.ARM.Collect$$libshutdown$$00000002)
    .ARM.Collect$$libshutdown$$00000004      0x08000256   Section        0  libshutdown2.o(.ARM.Collect$$libshutdown$$00000004)
    .ARM.Collect$$libshutdown$$00000007      0x08000256   Section        0  libshutdown2.o(.ARM.Collect$$libshutdown$$00000007)
    .ARM.Collect$$libshutdown$$0000000A      0x08000256   Section        0  libshutdown2.o(.ARM.Collect$$libshutdown$$0000000A)
    .ARM.Collect$$libshutdown$$0000000C      0x08000256   Section        0  libshutdown2.o(.ARM.Collect$$libshutdown$$0000000C)
    .ARM.Collect$$libshutdown$$0000000F      0x08000256   Section        0  libshutdown2.o(.ARM.Collect$$libshutdown$$0000000F)
    .ARM.Collect$$libshutdown$$00000010      0x08000256   Section        2  libshutdown2.o(.ARM.Collect$$libshutdown$$00000010)
    .ARM.Collect$$rtentry$$00000000          0x08000258   Section        0  __rtentry.o(.ARM.Collect$$rtentry$$00000000)
    .ARM.Collect$$rtentry$$00000002          0x08000258   Section        0  __rtentry2.o(.ARM.Collect$$rtentry$$00000002)
    .ARM.Collect$$rtentry$$00000004          0x08000258   Section        6  __rtentry4.o(.ARM.Collect$$rtentry$$00000004)
    .ARM.Collect$$rtentry$$00000009          0x0800025e   Section        0  __rtentry2.o(.ARM.Collect$$rtentry$$00000009)
    .ARM.Collect$$rtentry$$0000000A          0x0800025e   Section        4  __rtentry2.o(.ARM.Collect$$rtentry$$0000000A)
    .ARM.Collect$$rtentry$$0000000C          0x08000262   Section        0  __rtentry2.o(.ARM.Collect$$rtentry$$0000000C)
    .ARM.Collect$$rtentry$$0000000D          0x08000262   Section        8  __rtentry2.o(.ARM.Collect$$rtentry$$0000000D)
    .ARM.Collect$$rtexit$$00000000           0x0800026a   Section        2  rtexit.o(.ARM.Collect$$rtexit$$00000000)
    .ARM.Collect$$rtexit$$00000002           0x0800026c   Section        0  rtexit2.o(.ARM.Collect$$rtexit$$00000002)
    .ARM.Collect$$rtexit$$00000003           0x0800026c   Section        4  rtexit2.o(.ARM.Collect$$rtexit$$00000003)
    .ARM.Collect$$rtexit$$00000004           0x08000270   Section        6  rtexit2.o(.ARM.Collect$$rtexit$$00000004)
    .text                                    0x08000278   Section       64  startup_stm32l475xx.o(.text)
    $v0                                      0x08000278   Number         0  startup_stm32l475xx.o(.text)
    .text                                    0x080002b8   Section        2  use_no_semi_2.o(.text)
    .text                                    0x080002ba   Section      238  lludivv7m.o(.text)
    .text                                    0x080003a8   Section        0  noretval__2printf.o(.text)
    .text                                    0x080003c0   Section        0  __printf.o(.text)
    .text                                    0x08000428   Section        0  _printf_str.o(.text)
    .text                                    0x0800047c   Section        0  _printf_dec.o(.text)
    .text                                    0x080004f4   Section        0  heapauxi.o(.text)
    .text                                    0x080004fa   Section        2  use_no_semi.o(.text)
    .text                                    0x080004fc   Section        0  _printf_intcommon.o(.text)
    .text                                    0x080005ae   Section        0  _printf_char.o(.text)
    .text                                    0x080005dc   Section        0  _printf_char_file.o(.text)
    .text                                    0x08000600   Section        0  _printf_char_common.o(.text)
    _printf_input_char                       0x08000601   Thumb Code    10  _printf_char_common.o(.text)
    .text                                    0x08000630   Section        0  ferror.o(.text)
    .text                                    0x08000638   Section       74  sys_stackheap_outer.o(.text)
    .text                                    0x08000682   Section        0  exit.o(.text)
    .text                                    0x08000694   Section        8  libspace.o(.text)
    i.BusFault_Handler                       0x0800069c   Section        0  stm32l4xx_it.o(i.BusFault_Handler)
    i.DebugMon_Handler                       0x080006a0   Section        0  stm32l4xx_it.o(i.DebugMon_Handler)
    i.HAL_GPIO_DeInit                        0x080006a4   Section        0  stm32l4xx_hal_gpio.o(i.HAL_GPIO_DeInit)
    i.HAL_GPIO_Init                          0x080007e8   Section        0  stm32l4xx_hal_gpio.o(i.HAL_GPIO_Init)
    i.HAL_GPIO_TogglePin                     0x080009ec   Section        0  stm32l4xx_hal_gpio.o(i.HAL_GPIO_TogglePin)
    i.HAL_GPIO_WritePin                      0x080009f4   Section        0  stm32l4xx_hal_gpio.o(i.HAL_GPIO_WritePin)
    i.HAL_GetTick                            0x08000a00   Section        0  stm32l4xx_hal.o(i.HAL_GetTick)
    i.HAL_IncTick                            0x08000a0c   Section        0  stm32l4xx_hal.o(i.HAL_IncTick)
    i.HAL_Init                               0x08000a1c   Section        0  stm32l4xx_hal.o(i.HAL_Init)
    i.HAL_InitTick                           0x08000a3c   Section        0  stm32l4xx_hal.o(i.HAL_InitTick)
    i.HAL_MspInit                            0x08000a6c   Section        0  stm32l4xx_hal_msp.o(i.HAL_MspInit)
    i.HAL_NVIC_SetPriority                   0x08000a6e   Section        0  stm32l4xx_hal_cortex.o(i.HAL_NVIC_SetPriority)
    i.HAL_NVIC_SetPriorityGrouping           0x08000af0   Section        0  stm32l4xx_hal_cortex.o(i.HAL_NVIC_SetPriorityGrouping)
    i.HAL_PWREx_GetVoltageRange              0x08000b18   Section        0  stm32l4xx_hal_pwr_ex.o(i.HAL_PWREx_GetVoltageRange)
    i.HAL_RCC_ClockConfig                    0x08000b28   Section        0  stm32l4xx_hal_rcc.o(i.HAL_RCC_ClockConfig)
    i.HAL_RCC_GetHCLKFreq                    0x08000ca0   Section        0  stm32l4xx_hal_rcc.o(i.HAL_RCC_GetHCLKFreq)
    i.HAL_RCC_GetPCLK1Freq                   0x08000cac   Section        0  stm32l4xx_hal_rcc.o(i.HAL_RCC_GetPCLK1Freq)
    i.HAL_RCC_GetPCLK2Freq                   0x08000cd0   Section        0  stm32l4xx_hal_rcc.o(i.HAL_RCC_GetPCLK2Freq)
    i.HAL_RCC_GetSysClockFreq                0x08000cf4   Section        0  stm32l4xx_hal_rcc.o(i.HAL_RCC_GetSysClockFreq)
    i.HAL_RCC_OscConfig                      0x08000e10   Section        0  stm32l4xx_hal_rcc.o(i.HAL_RCC_OscConfig)
    i.HAL_SYSTICK_CLKSourceConfig            0x0800141c   Section        0  stm32l4xx_hal_cortex.o(i.HAL_SYSTICK_CLKSourceConfig)
    i.HAL_SYSTICK_Config                     0x08001444   Section        0  stm32l4xx_hal_cortex.o(i.HAL_SYSTICK_Config)
    i.HAL_UART_Init                          0x08001478   Section        0  stm32l4xx_hal_uart.o(i.HAL_UART_Init)
    i.HAL_UART_MspInit                       0x080014f0   Section        0  osal_usart.o(i.HAL_UART_MspInit)
    i.HAL_UART_Receive                       0x08001624   Section        0  stm32l4xx_hal_uart.o(i.HAL_UART_Receive)
    i.HAL_UART_Transmit                      0x0800173a   Section        0  stm32l4xx_hal_uart.o(i.HAL_UART_Transmit)
    i.HardFault_Handler                      0x08001802   Section        0  stm32l4xx_it.o(i.HardFault_Handler)
    i.MemManage_Handler                      0x08001806   Section        0  stm32l4xx_it.o(i.MemManage_Handler)
    i.NMI_Handler                            0x0800180a   Section        0  stm32l4xx_it.o(i.NMI_Handler)
    i.NVIC_GetPriorityGrouping               0x0800180c   Section        0  stm32l4xx_hal_cortex.o(i.NVIC_GetPriorityGrouping)
    NVIC_GetPriorityGrouping                 0x0800180d   Thumb Code    10  stm32l4xx_hal_cortex.o(i.NVIC_GetPriorityGrouping)
    i.NVIC_SetPriority                       0x0800181c   Section        0  stm32l4xx_hal_cortex.o(i.NVIC_SetPriority)
    NVIC_SetPriority                         0x0800181d   Thumb Code    32  stm32l4xx_hal_cortex.o(i.NVIC_SetPriority)
    i.PendSV_Handler                         0x08001844   Section        0  stm32l4xx_it.o(i.PendSV_Handler)
    i.RCC_SetFlashLatencyFromMSIRange        0x08001848   Section        0  stm32l4xx_hal_rcc.o(i.RCC_SetFlashLatencyFromMSIRange)
    RCC_SetFlashLatencyFromMSIRange          0x08001849   Thumb Code   148  stm32l4xx_hal_rcc.o(i.RCC_SetFlashLatencyFromMSIRange)
    i.SVC_Handler                            0x080018e4   Section        0  stm32l4xx_it.o(i.SVC_Handler)
    i.SysTick_Handler                        0x080018e6   Section        0  stm32l4xx_it.o(i.SysTick_Handler)
    i.SystemClock_All_GpioClock_Enable       0x080018f0   Section        0  kmain.o(i.SystemClock_All_GpioClock_Enable)
    SystemClock_All_GpioClock_Enable         0x080018f1   Thumb Code   214  kmain.o(i.SystemClock_All_GpioClock_Enable)
    i.SystemClock_Config                     0x080019cc   Section        0  kmain.o(i.SystemClock_Config)
    SystemClock_Config                       0x080019cd   Thumb Code    92  kmain.o(i.SystemClock_Config)
    i.SystemInit                             0x08001a28   Section        0  system_stm32l4xx.o(i.SystemInit)
    i.UART_AdvFeatureConfig                  0x08001a78   Section        0  stm32l4xx_hal_uart.o(i.UART_AdvFeatureConfig)
    i.UART_CheckIdleState                    0x08001b70   Section        0  stm32l4xx_hal_uart.o(i.UART_CheckIdleState)
    i.UART_SetConfig                         0x08001be4   Section        0  stm32l4xx_hal_uart.o(i.UART_SetConfig)
    i.UART_WaitOnFlagUntilTimeout            0x08002076   Section        0  stm32l4xx_hal_uart.o(i.UART_WaitOnFlagUntilTimeout)
    i.UsageFault_Handler                     0x080020e2   Section        0  stm32l4xx_it.o(i.UsageFault_Handler)
    i._sys_exit                              0x080020e6   Section        0  print.o(i._sys_exit)
    i.bsp_pandora_board_init                 0x080020ea   Section        0  bsp_pandora.o(i.bsp_pandora_board_init)
    i.bsp_pandora_driver_register            0x080020fc   Section        0  bsp_pandora.o(i.bsp_pandora_driver_register)
    bsp_pandora_driver_register              0x080020fd   Thumb Code    74  bsp_pandora.o(i.bsp_pandora_driver_register)
    i.console_uart_getch                     0x08002158   Section        0  print.o(i.console_uart_getch)
    console_uart_getch                       0x08002159   Thumb Code    38  print.o(i.console_uart_getch)
    i.console_uart_init                      0x08002184   Section        0  print.o(i.console_uart_init)
    i.delay_init                             0x08002228   Section        0  delay.o(i.delay_init)
    i.fputc                                  0x0800223c   Section        0  print.o(i.fputc)
    i.getch                                  0x08002258   Section        0  print.o(i.getch)
    i.main                                   0x0800226a   Section        0  kmain.o(i.main)
    i.main_app                               0x08002288   Section        0  main_app.o(i.main_app)
    i.osal_driver_get_object                 0x080022dc   Section        0  osal_driver.o(i.osal_driver_get_object)
    i.osal_driver_new                        0x080022f8   Section        0  osal_driver.o(i.osal_driver_new)
    i.osal_driver_set_description            0x0800232c   Section        0  osal_driver.o(i.osal_driver_set_description)
    i.osal_leds_deinit                       0x08002354   Section        0  osal_leds.o(i.osal_leds_deinit)
    osal_leds_deinit                         0x08002355   Thumb Code   104  osal_leds.o(i.osal_leds_deinit)
    i.osal_leds_init                         0x080023bc   Section        0  osal_leds.o(i.osal_leds_init)
    osal_leds_init                           0x080023bd   Thumb Code   224  osal_leds.o(i.osal_leds_init)
    i.osal_leds_new                          0x0800249c   Section        0  osal_leds.o(i.osal_leds_new)
    i.osal_leds_set_output                   0x080024d8   Section        0  osal_leds.o(i.osal_leds_set_output)
    osal_leds_set_output                     0x080024d9   Thumb Code   194  osal_leds.o(i.osal_leds_set_output)
    i.osal_leds_toggle                       0x0800259a   Section        0  osal_leds.o(i.osal_leds_toggle)
    osal_leds_toggle                         0x0800259b   Thumb Code   142  osal_leds.o(i.osal_leds_toggle)
    i.osal_usart_assert                      0x08002628   Section        0  osal_usart.o(i.osal_usart_assert)
    osal_usart_assert                        0x08002629   Thumb Code    14  osal_usart.o(i.osal_usart_assert)
    i.osal_usart_deinit                      0x08002636   Section        0  osal_usart.o(i.osal_usart_deinit)
    osal_usart_deinit                        0x08002637   Thumb Code     8  osal_usart.o(i.osal_usart_deinit)
    i.osal_usart_init                        0x0800263e   Section        0  osal_usart.o(i.osal_usart_init)
    osal_usart_init                          0x0800263f   Thumb Code    80  osal_usart.o(i.osal_usart_init)
    i.osal_usart_new                         0x08002690   Section        0  osal_usart.o(i.osal_usart_new)
    i.osal_usart_receive                     0x080026e4   Section        0  osal_usart.o(i.osal_usart_receive)
    osal_usart_receive                       0x080026e5   Thumb Code    56  osal_usart.o(i.osal_usart_receive)
    i.osal_usart_transmit                    0x0800271c   Section        0  osal_usart.o(i.osal_usart_transmit)
    osal_usart_transmit                      0x0800271d   Thumb Code    56  osal_usart.o(i.osal_usart_transmit)
    x$fpl$fpinit                             0x08002754   Section       10  fpinit.o(x$fpl$fpinit)
    $v0                                      0x08002754   Number         0  fpinit.o(x$fpl$fpinit)
    .constdata                               0x08002760   Section       72  system_stm32l4xx.o(.constdata)
    .data                                    0x20000000   Section        4  system_stm32l4xx.o(.data)
    .data                                    0x20000004   Section        4  delay.o(.data)
    fac_us                                   0x20000004   Data           4  delay.o(.data)
    .data                                    0x20000008   Section       12  print.o(.data)
    s_console_priv                           0x2000000c   Data           8  print.o(.data)
    .data                                    0x20000014   Section      192  osal_driver.o(.data)
    s_osal_driver_support_list               0x20000014   Data         192  osal_driver.o(.data)
    .data                                    0x200000d4   Section      608  osal_usart.o(.data)
    s_usart_priv                             0x200000d4   Data         608  osal_usart.o(.data)
    .data                                    0x20000334   Section      324  bsp_pandora.o(.data)
    led_description_list                     0x20000334   Data         156  bsp_pandora.o(.data)
    usart1_description                       0x200003d0   Data          56  bsp_pandora.o(.data)
    usart2_description                       0x20000408   Data          56  bsp_pandora.o(.data)
    usart3_description                       0x20000440   Data          56  bsp_pandora.o(.data)
    .data                                    0x20000478   Section        4  stm32l4xx_hal.o(.data)
    .bss                                     0x2000047c   Section       36  osal_leds.o(.bss)
    leds                                     0x2000047c   Data          36  osal_leds.o(.bss)
    .bss                                     0x200004a0   Section       96  libspace.o(.bss)
    HEAP                                     0x20000500   Section      512  startup_stm32l475xx.o(HEAP)
    Heap_Mem                                 0x20000500   Data         512  startup_stm32l475xx.o(HEAP)
    STACK                                    0x20000700   Section     1024  startup_stm32l475xx.o(STACK)
    Stack_Mem                                0x20000700   Data        1024  startup_stm32l475xx.o(STACK)
    __initial_sp                             0x20000b00   Data           0  startup_stm32l475xx.o(STACK)

    Global Symbols

    Symbol Name                              Value     Ov Type        Size  Object(Section)

    BuildAttributes$$THM_ISAv4$E$P$D$K$B$S$7EM$VFPi3$EXTD16$VFPS$VFMA$PE$A:L22UL41UL21$X:L11$S22US41US21$IEEE1$IW$USESV6$~STKCKD$USESV7$~SHL$OSPACE$ROPI$EBA8$UX$STANDARDLIB$REQ8$PRES8$EABIv2 0x00000000   Number         0  anon$$obj.o ABSOLUTE
    __ARM_use_no_argv                        0x00000000   Number         0  kmain.o ABSOLUTE
    __ARM_exceptions_init                     - Undefined Weak Reference
    __alloca_initialize                       - Undefined Weak Reference
    __arm_preinit_                            - Undefined Weak Reference
    __cpp_initialize__aeabi_                  - Undefined Weak Reference
    __cxa_finalize                            - Undefined Weak Reference
    __rt_locale                               - Undefined Weak Reference
    __sigvec_lookup                           - Undefined Weak Reference
    _atexit_init                              - Undefined Weak Reference
    _call_atexit_fns                          - Undefined Weak Reference
    _clock_init                               - Undefined Weak Reference
    _fp_trap_init                             - Undefined Weak Reference
    _fp_trap_shutdown                         - Undefined Weak Reference
    _get_lc_collate                           - Undefined Weak Reference
    _get_lc_ctype                             - Undefined Weak Reference
    _get_lc_monetary                          - Undefined Weak Reference
    _get_lc_numeric                           - Undefined Weak Reference
    _get_lc_time                              - Undefined Weak Reference
    _getenv_init                              - Undefined Weak Reference
    _handle_redirection                       - Undefined Weak Reference
    _init_alloc                               - Undefined Weak Reference
    _init_user_alloc                          - Undefined Weak Reference
    _initio                                   - Undefined Weak Reference
    _mutex_acquire                            - Undefined Weak Reference
    _mutex_release                            - Undefined Weak Reference
    _printf_mbtowc                            - Undefined Weak Reference
    _printf_post_padding                      - Undefined Weak Reference
    _printf_pre_padding                       - Undefined Weak Reference
    _printf_truncate_signed                   - Undefined Weak Reference
    _printf_truncate_unsigned                 - Undefined Weak Reference
    _rand_init                                - Undefined Weak Reference
    _signal_finish                            - Undefined Weak Reference
    _signal_init                              - Undefined Weak Reference
    _terminate_alloc                          - Undefined Weak Reference
    _terminate_user_alloc                     - Undefined Weak Reference
    _terminateio                              - Undefined Weak Reference
    __Vectors_Size                           0x00000188   Number         0  startup_stm32l475xx.o ABSOLUTE
    __Vectors                                0x08000000   Data           4  startup_stm32l475xx.o(RESET)
    __Vectors_End                            0x08000188   Data           0  startup_stm32l475xx.o(RESET)
    __main                                   0x08000189   Thumb Code     8  __main.o(!!!main)
    __scatterload                            0x08000191   Thumb Code     0  __scatter.o(!!!scatter)
    __scatterload_rt2                        0x08000191   Thumb Code    44  __scatter.o(!!!scatter)
    __scatterload_rt2_thumb_only             0x08000191   Thumb Code     0  __scatter.o(!!!scatter)
    __scatterload_null                       0x0800019f   Thumb Code     0  __scatter.o(!!!scatter)
    __decompress                             0x080001c5   Thumb Code    90  __dczerorl2.o(!!dczerorl2)
    __decompress1                            0x080001c5   Thumb Code     0  __dczerorl2.o(!!dczerorl2)
    __scatterload_zeroinit                   0x08000221   Thumb Code    28  __scatter_zi.o(!!handler_zi)
    _printf_d                                0x0800023d   Thumb Code     0  _printf_d.o(.ARM.Collect$$_printf_percent$$00000009)
    _printf_percent                          0x0800023d   Thumb Code     0  _printf_percent.o(.ARM.Collect$$_printf_percent$$00000000)
    _printf_c                                0x08000243   Thumb Code     0  _printf_c.o(.ARM.Collect$$_printf_percent$$00000013)
    _printf_percent_end                      0x08000249   Thumb Code     0  _printf_percent_end.o(.ARM.Collect$$_printf_percent$$00000017)
    __rt_lib_init                            0x0800024d   Thumb Code     0  libinit.o(.ARM.Collect$$libinit$$00000000)
    __rt_lib_init_fp_1                       0x0800024f   Thumb Code     0  libinit2.o(.ARM.Collect$$libinit$$00000001)
    __rt_lib_init_alloca_1                   0x08000253   Thumb Code     0  libinit2.o(.ARM.Collect$$libinit$$0000002E)
    __rt_lib_init_argv_1                     0x08000253   Thumb Code     0  libinit2.o(.ARM.Collect$$libinit$$0000002C)
    __rt_lib_init_atexit_1                   0x08000253   Thumb Code     0  libinit2.o(.ARM.Collect$$libinit$$0000001B)
    __rt_lib_init_clock_1                    0x08000253   Thumb Code     0  libinit2.o(.ARM.Collect$$libinit$$00000021)
    __rt_lib_init_cpp_1                      0x08000253   Thumb Code     0  libinit2.o(.ARM.Collect$$libinit$$00000032)
    __rt_lib_init_exceptions_1               0x08000253   Thumb Code     0  libinit2.o(.ARM.Collect$$libinit$$00000030)
    __rt_lib_init_fp_trap_1                  0x08000253   Thumb Code     0  libinit2.o(.ARM.Collect$$libinit$$0000001F)
    __rt_lib_init_getenv_1                   0x08000253   Thumb Code     0  libinit2.o(.ARM.Collect$$libinit$$00000023)
    __rt_lib_init_heap_1                     0x08000253   Thumb Code     0  libinit2.o(.ARM.Collect$$libinit$$0000000A)
    __rt_lib_init_lc_collate_1               0x08000253   Thumb Code     0  libinit2.o(.ARM.Collect$$libinit$$00000011)
    __rt_lib_init_lc_ctype_1                 0x08000253   Thumb Code     0  libinit2.o(.ARM.Collect$$libinit$$00000013)
    __rt_lib_init_lc_monetary_1              0x08000253   Thumb Code     0  libinit2.o(.ARM.Collect$$libinit$$00000015)
    __rt_lib_init_lc_numeric_1               0x08000253   Thumb Code     0  libinit2.o(.ARM.Collect$$libinit$$00000017)
    __rt_lib_init_lc_time_1                  0x08000253   Thumb Code     0  libinit2.o(.ARM.Collect$$libinit$$00000019)
    __rt_lib_init_preinit_1                  0x08000253   Thumb Code     0  libinit2.o(.ARM.Collect$$libinit$$00000004)
    __rt_lib_init_rand_1                     0x08000253   Thumb Code     0  libinit2.o(.ARM.Collect$$libinit$$0000000E)
    __rt_lib_init_return                     0x08000253   Thumb Code     0  libinit2.o(.ARM.Collect$$libinit$$00000033)
    __rt_lib_init_signal_1                   0x08000253   Thumb Code     0  libinit2.o(.ARM.Collect$$libinit$$0000001D)
    __rt_lib_init_stdio_1                    0x08000253   Thumb Code     0  libinit2.o(.ARM.Collect$$libinit$$00000025)
    __rt_lib_init_user_alloc_1               0x08000253   Thumb Code     0  libinit2.o(.ARM.Collect$$libinit$$0000000C)
    __rt_lib_shutdown                        0x08000255   Thumb Code     0  libshutdown.o(.ARM.Collect$$libshutdown$$00000000)
    __rt_lib_shutdown_cpp_1                  0x08000257   Thumb Code     0  libshutdown2.o(.ARM.Collect$$libshutdown$$00000002)
    __rt_lib_shutdown_fp_trap_1              0x08000257   Thumb Code     0  libshutdown2.o(.ARM.Collect$$libshutdown$$00000007)
    __rt_lib_shutdown_heap_1                 0x08000257   Thumb Code     0  libshutdown2.o(.ARM.Collect$$libshutdown$$0000000F)
    __rt_lib_shutdown_return                 0x08000257   Thumb Code     0  libshutdown2.o(.ARM.Collect$$libshutdown$$00000010)
    __rt_lib_shutdown_signal_1               0x08000257   Thumb Code     0  libshutdown2.o(.ARM.Collect$$libshutdown$$0000000A)
    __rt_lib_shutdown_stdio_1                0x08000257   Thumb Code     0  libshutdown2.o(.ARM.Collect$$libshutdown$$00000004)
    __rt_lib_shutdown_user_alloc_1           0x08000257   Thumb Code     0  libshutdown2.o(.ARM.Collect$$libshutdown$$0000000C)
    __rt_entry                               0x08000259   Thumb Code     0  __rtentry.o(.ARM.Collect$$rtentry$$00000000)
    __rt_entry_presh_1                       0x08000259   Thumb Code     0  __rtentry2.o(.ARM.Collect$$rtentry$$00000002)
    __rt_entry_sh                            0x08000259   Thumb Code     0  __rtentry4.o(.ARM.Collect$$rtentry$$00000004)
    __rt_entry_li                            0x0800025f   Thumb Code     0  __rtentry2.o(.ARM.Collect$$rtentry$$0000000A)
    __rt_entry_postsh_1                      0x0800025f   Thumb Code     0  __rtentry2.o(.ARM.Collect$$rtentry$$00000009)
    __rt_entry_main                          0x08000263   Thumb Code     0  __rtentry2.o(.ARM.Collect$$rtentry$$0000000D)
    __rt_entry_postli_1                      0x08000263   Thumb Code     0  __rtentry2.o(.ARM.Collect$$rtentry$$0000000C)
    __rt_exit                                0x0800026b   Thumb Code     0  rtexit.o(.ARM.Collect$$rtexit$$00000000)
    __rt_exit_ls                             0x0800026d   Thumb Code     0  rtexit2.o(.ARM.Collect$$rtexit$$00000003)
    __rt_exit_prels_1                        0x0800026d   Thumb Code     0  rtexit2.o(.ARM.Collect$$rtexit$$00000002)
    __rt_exit_exit                           0x08000271   Thumb Code     0  rtexit2.o(.ARM.Collect$$rtexit$$00000004)
    Reset_Handler                            0x08000279   Thumb Code     8  startup_stm32l475xx.o(.text)
    ADC1_2_IRQHandler                        0x08000293   Thumb Code     0  startup_stm32l475xx.o(.text)
    ADC3_IRQHandler                          0x08000293   Thumb Code     0  startup_stm32l475xx.o(.text)
    CAN1_RX0_IRQHandler                      0x08000293   Thumb Code     0  startup_stm32l475xx.o(.text)
    CAN1_RX1_IRQHandler                      0x08000293   Thumb Code     0  startup_stm32l475xx.o(.text)
    CAN1_SCE_IRQHandler                      0x08000293   Thumb Code     0  startup_stm32l475xx.o(.text)
    CAN1_TX_IRQHandler                       0x08000293   Thumb Code     0  startup_stm32l475xx.o(.text)
    COMP_IRQHandler                          0x08000293   Thumb Code     0  startup_stm32l475xx.o(.text)
    DFSDM1_FLT0_IRQHandler                   0x08000293   Thumb Code     0  startup_stm32l475xx.o(.text)
    DFSDM1_FLT1_IRQHandler                   0x08000293   Thumb Code     0  startup_stm32l475xx.o(.text)
    DFSDM1_FLT2_IRQHandler                   0x08000293   Thumb Code     0  startup_stm32l475xx.o(.text)
    DFSDM1_FLT3_IRQHandler                   0x08000293   Thumb Code     0  startup_stm32l475xx.o(.text)
    DMA1_Channel1_IRQHandler                 0x08000293   Thumb Code     0  startup_stm32l475xx.o(.text)
    DMA1_Channel2_IRQHandler                 0x08000293   Thumb Code     0  startup_stm32l475xx.o(.text)
    DMA1_Channel3_IRQHandler                 0x08000293   Thumb Code     0  startup_stm32l475xx.o(.text)
    DMA1_Channel4_IRQHandler                 0x08000293   Thumb Code     0  startup_stm32l475xx.o(.text)
    DMA1_Channel5_IRQHandler                 0x08000293   Thumb Code     0  startup_stm32l475xx.o(.text)
    DMA1_Channel6_IRQHandler                 0x08000293   Thumb Code     0  startup_stm32l475xx.o(.text)
    DMA1_Channel7_IRQHandler                 0x08000293   Thumb Code     0  startup_stm32l475xx.o(.text)
    DMA2_Channel1_IRQHandler                 0x08000293   Thumb Code     0  startup_stm32l475xx.o(.text)
    DMA2_Channel2_IRQHandler                 0x08000293   Thumb Code     0  startup_stm32l475xx.o(.text)
    DMA2_Channel3_IRQHandler                 0x08000293   Thumb Code     0  startup_stm32l475xx.o(.text)
    DMA2_Channel4_IRQHandler                 0x08000293   Thumb Code     0  startup_stm32l475xx.o(.text)
    DMA2_Channel5_IRQHandler                 0x08000293   Thumb Code     0  startup_stm32l475xx.o(.text)
    DMA2_Channel6_IRQHandler                 0x08000293   Thumb Code     0  startup_stm32l475xx.o(.text)
    DMA2_Channel7_IRQHandler                 0x08000293   Thumb Code     0  startup_stm32l475xx.o(.text)
    EXTI0_IRQHandler                         0x08000293   Thumb Code     0  startup_stm32l475xx.o(.text)
    EXTI15_10_IRQHandler                     0x08000293   Thumb Code     0  startup_stm32l475xx.o(.text)
    EXTI1_IRQHandler                         0x08000293   Thumb Code     0  startup_stm32l475xx.o(.text)
    EXTI2_IRQHandler                         0x08000293   Thumb Code     0  startup_stm32l475xx.o(.text)
    EXTI3_IRQHandler                         0x08000293   Thumb Code     0  startup_stm32l475xx.o(.text)
    EXTI4_IRQHandler                         0x08000293   Thumb Code     0  startup_stm32l475xx.o(.text)
    EXTI9_5_IRQHandler                       0x08000293   Thumb Code     0  startup_stm32l475xx.o(.text)
    FLASH_IRQHandler                         0x08000293   Thumb Code     0  startup_stm32l475xx.o(.text)
    FMC_IRQHandler                           0x08000293   Thumb Code     0  startup_stm32l475xx.o(.text)
    FPU_IRQHandler                           0x08000293   Thumb Code     0  startup_stm32l475xx.o(.text)
    I2C1_ER_IRQHandler                       0x08000293   Thumb Code     0  startup_stm32l475xx.o(.text)
    I2C1_EV_IRQHandler                       0x08000293   Thumb Code     0  startup_stm32l475xx.o(.text)
    I2C2_ER_IRQHandler                       0x08000293   Thumb Code     0  startup_stm32l475xx.o(.text)
    I2C2_EV_IRQHandler                       0x08000293   Thumb Code     0  startup_stm32l475xx.o(.text)
    I2C3_ER_IRQHandler                       0x08000293   Thumb Code     0  startup_stm32l475xx.o(.text)
    I2C3_EV_IRQHandler                       0x08000293   Thumb Code     0  startup_stm32l475xx.o(.text)
    LPTIM1_IRQHandler                        0x08000293   Thumb Code     0  startup_stm32l475xx.o(.text)
    LPTIM2_IRQHandler                        0x08000293   Thumb Code     0  startup_stm32l475xx.o(.text)
    LPUART1_IRQHandler                       0x08000293   Thumb Code     0  startup_stm32l475xx.o(.text)
    OTG_FS_IRQHandler                        0x08000293   Thumb Code     0  startup_stm32l475xx.o(.text)
    PVD_PVM_IRQHandler                       0x08000293   Thumb Code     0  startup_stm32l475xx.o(.text)
    QUADSPI_IRQHandler                       0x08000293   Thumb Code     0  startup_stm32l475xx.o(.text)
    RCC_IRQHandler                           0x08000293   Thumb Code     0  startup_stm32l475xx.o(.text)
    RNG_IRQHandler                           0x08000293   Thumb Code     0  startup_stm32l475xx.o(.text)
    RTC_Alarm_IRQHandler                     0x08000293   Thumb Code     0  startup_stm32l475xx.o(.text)
    RTC_WKUP_IRQHandler                      0x08000293   Thumb Code     0  startup_stm32l475xx.o(.text)
    SAI1_IRQHandler                          0x08000293   Thumb Code     0  startup_stm32l475xx.o(.text)
    SAI2_IRQHandler                          0x08000293   Thumb Code     0  startup_stm32l475xx.o(.text)
    SDMMC1_IRQHandler                        0x08000293   Thumb Code     0  startup_stm32l475xx.o(.text)
    SPI1_IRQHandler                          0x08000293   Thumb Code     0  startup_stm32l475xx.o(.text)
    SPI2_IRQHandler                          0x08000293   Thumb Code     0  startup_stm32l475xx.o(.text)
    SPI3_IRQHandler                          0x08000293   Thumb Code     0  startup_stm32l475xx.o(.text)
    SWPMI1_IRQHandler                        0x08000293   Thumb Code     0  startup_stm32l475xx.o(.text)
    TAMP_STAMP_IRQHandler                    0x08000293   Thumb Code     0  startup_stm32l475xx.o(.text)
    TIM1_BRK_TIM15_IRQHandler                0x08000293   Thumb Code     0  startup_stm32l475xx.o(.text)
    TIM1_CC_IRQHandler                       0x08000293   Thumb Code     0  startup_stm32l475xx.o(.text)
    TIM1_TRG_COM_TIM17_IRQHandler            0x08000293   Thumb Code     0  startup_stm32l475xx.o(.text)
    TIM1_UP_TIM16_IRQHandler                 0x08000293   Thumb Code     0  startup_stm32l475xx.o(.text)
    TIM2_IRQHandler                          0x08000293   Thumb Code     0  startup_stm32l475xx.o(.text)
    TIM3_IRQHandler                          0x08000293   Thumb Code     0  startup_stm32l475xx.o(.text)
    TIM4_IRQHandler                          0x08000293   Thumb Code     0  startup_stm32l475xx.o(.text)
    TIM5_IRQHandler                          0x08000293   Thumb Code     0  startup_stm32l475xx.o(.text)
    TIM6_DAC_IRQHandler                      0x08000293   Thumb Code     0  startup_stm32l475xx.o(.text)
    TIM7_IRQHandler                          0x08000293   Thumb Code     0  startup_stm32l475xx.o(.text)
    TIM8_BRK_IRQHandler                      0x08000293   Thumb Code     0  startup_stm32l475xx.o(.text)
    TIM8_CC_IRQHandler                       0x08000293   Thumb Code     0  startup_stm32l475xx.o(.text)
    TIM8_TRG_COM_IRQHandler                  0x08000293   Thumb Code     0  startup_stm32l475xx.o(.text)
    TIM8_UP_IRQHandler                       0x08000293   Thumb Code     0  startup_stm32l475xx.o(.text)
    TSC_IRQHandler                           0x08000293   Thumb Code     0  startup_stm32l475xx.o(.text)
    UART4_IRQHandler                         0x08000293   Thumb Code     0  startup_stm32l475xx.o(.text)
    UART5_IRQHandler                         0x08000293   Thumb Code     0  startup_stm32l475xx.o(.text)
    USART1_IRQHandler                        0x08000293   Thumb Code     0  startup_stm32l475xx.o(.text)
    USART2_IRQHandler                        0x08000293   Thumb Code     0  startup_stm32l475xx.o(.text)
    USART3_IRQHandler                        0x08000293   Thumb Code     0  startup_stm32l475xx.o(.text)
    WWDG_IRQHandler                          0x08000293   Thumb Code     0  startup_stm32l475xx.o(.text)
    __user_initial_stackheap                 0x08000295   Thumb Code     0  startup_stm32l475xx.o(.text)
    __use_no_semihosting                     0x080002b9   Thumb Code     2  use_no_semi_2.o(.text)
    __aeabi_uldivmod                         0x080002bb   Thumb Code     0  lludivv7m.o(.text)
    _ll_udiv                                 0x080002bb   Thumb Code   238  lludivv7m.o(.text)
    __2printf                                0x080003a9   Thumb Code    20  noretval__2printf.o(.text)
    __printf                                 0x080003c1   Thumb Code   104  __printf.o(.text)
    _printf_str                              0x08000429   Thumb Code    82  _printf_str.o(.text)
    _printf_int_dec                          0x0800047d   Thumb Code   104  _printf_dec.o(.text)
    __use_two_region_memory                  0x080004f5   Thumb Code     2  heapauxi.o(.text)
    __rt_heap_escrow$2region                 0x080004f7   Thumb Code     2  heapauxi.o(.text)
    __rt_heap_expand$2region                 0x080004f9   Thumb Code     2  heapauxi.o(.text)
    __I$use$semihosting                      0x080004fb   Thumb Code     0  use_no_semi.o(.text)
    __use_no_semihosting_swi                 0x080004fb   Thumb Code     2  use_no_semi.o(.text)
    _printf_int_common                       0x080004fd   Thumb Code   178  _printf_intcommon.o(.text)
    _printf_cs_common                        0x080005af   Thumb Code    20  _printf_char.o(.text)
    _printf_char                             0x080005c3   Thumb Code    16  _printf_char.o(.text)
    _printf_string                           0x080005d3   Thumb Code     8  _printf_char.o(.text)
    _printf_char_file                        0x080005dd   Thumb Code    32  _printf_char_file.o(.text)
    _printf_char_common                      0x0800060b   Thumb Code    32  _printf_char_common.o(.text)
    ferror                                   0x08000631   Thumb Code     8  ferror.o(.text)
    __user_setup_stackheap                   0x08000639   Thumb Code    74  sys_stackheap_outer.o(.text)
    exit                                     0x08000683   Thumb Code    18  exit.o(.text)
    __user_libspace                          0x08000695   Thumb Code     8  libspace.o(.text)
    __user_perproc_libspace                  0x08000695   Thumb Code     0  libspace.o(.text)
    __user_perthread_libspace                0x08000695   Thumb Code     0  libspace.o(.text)
    BusFault_Handler                         0x0800069d   Thumb Code     4  stm32l4xx_it.o(i.BusFault_Handler)
    DebugMon_Handler                         0x080006a1   Thumb Code     2  stm32l4xx_it.o(i.DebugMon_Handler)
    HAL_GPIO_DeInit                          0x080006a5   Thumb Code   292  stm32l4xx_hal_gpio.o(i.HAL_GPIO_DeInit)
    HAL_GPIO_Init                            0x080007e9   Thumb Code   480  stm32l4xx_hal_gpio.o(i.HAL_GPIO_Init)
    HAL_GPIO_TogglePin                       0x080009ed   Thumb Code     8  stm32l4xx_hal_gpio.o(i.HAL_GPIO_TogglePin)
    HAL_GPIO_WritePin                        0x080009f5   Thumb Code    10  stm32l4xx_hal_gpio.o(i.HAL_GPIO_WritePin)
    HAL_GetTick                              0x08000a01   Thumb Code     6  stm32l4xx_hal.o(i.HAL_GetTick)
    HAL_IncTick                              0x08000a0d   Thumb Code    12  stm32l4xx_hal.o(i.HAL_IncTick)
    HAL_Init                                 0x08000a1d   Thumb Code    30  stm32l4xx_hal.o(i.HAL_Init)
    HAL_InitTick                             0x08000a3d   Thumb Code    44  stm32l4xx_hal.o(i.HAL_InitTick)
    HAL_MspInit                              0x08000a6d   Thumb Code     2  stm32l4xx_hal_msp.o(i.HAL_MspInit)
    HAL_NVIC_SetPriority                     0x08000a6f   Thumb Code   124  stm32l4xx_hal_cortex.o(i.HAL_NVIC_SetPriority)
    HAL_NVIC_SetPriorityGrouping             0x08000af1   Thumb Code    32  stm32l4xx_hal_cortex.o(i.HAL_NVIC_SetPriorityGrouping)
    HAL_PWREx_GetVoltageRange                0x08000b19   Thumb Code    10  stm32l4xx_hal_pwr_ex.o(i.HAL_PWREx_GetVoltageRange)
    HAL_RCC_ClockConfig                      0x08000b29   Thumb Code   358  stm32l4xx_hal_rcc.o(i.HAL_RCC_ClockConfig)
    HAL_RCC_GetHCLKFreq                      0x08000ca1   Thumb Code     6  stm32l4xx_hal_rcc.o(i.HAL_RCC_GetHCLKFreq)
    HAL_RCC_GetPCLK1Freq                     0x08000cad   Thumb Code    26  stm32l4xx_hal_rcc.o(i.HAL_RCC_GetPCLK1Freq)
    HAL_RCC_GetPCLK2Freq                     0x08000cd1   Thumb Code    26  stm32l4xx_hal_rcc.o(i.HAL_RCC_GetPCLK2Freq)
    HAL_RCC_GetSysClockFreq                  0x08000cf5   Thumb Code   266  stm32l4xx_hal_rcc.o(i.HAL_RCC_GetSysClockFreq)
    HAL_RCC_OscConfig                        0x08000e11   Thumb Code  1536  stm32l4xx_hal_rcc.o(i.HAL_RCC_OscConfig)
    HAL_SYSTICK_CLKSourceConfig              0x0800141d   Thumb Code    40  stm32l4xx_hal_cortex.o(i.HAL_SYSTICK_CLKSourceConfig)
    HAL_SYSTICK_Config                       0x08001445   Thumb Code    52  stm32l4xx_hal_cortex.o(i.HAL_SYSTICK_Config)
    HAL_UART_Init                            0x08001479   Thumb Code   120  stm32l4xx_hal_uart.o(i.HAL_UART_Init)
    HAL_UART_MspInit                         0x080014f1   Thumb Code   284  osal_usart.o(i.HAL_UART_MspInit)
    HAL_UART_Receive                         0x08001625   Thumb Code   272  stm32l4xx_hal_uart.o(i.HAL_UART_Receive)
    HAL_UART_Transmit                        0x0800173b   Thumb Code   200  stm32l4xx_hal_uart.o(i.HAL_UART_Transmit)
    HardFault_Handler                        0x08001803   Thumb Code     4  stm32l4xx_it.o(i.HardFault_Handler)
    MemManage_Handler                        0x08001807   Thumb Code     4  stm32l4xx_it.o(i.MemManage_Handler)
    NMI_Handler                              0x0800180b   Thumb Code     2  stm32l4xx_it.o(i.NMI_Handler)
    PendSV_Handler                           0x08001845   Thumb Code     2  stm32l4xx_it.o(i.PendSV_Handler)
    SVC_Handler                              0x080018e5   Thumb Code     2  stm32l4xx_it.o(i.SVC_Handler)
    SysTick_Handler                          0x080018e7   Thumb Code     8  stm32l4xx_it.o(i.SysTick_Handler)
    SystemInit                               0x08001a29   Thumb Code    68  system_stm32l4xx.o(i.SystemInit)
    UART_AdvFeatureConfig                    0x08001a79   Thumb Code   248  stm32l4xx_hal_uart.o(i.UART_AdvFeatureConfig)
    UART_CheckIdleState                      0x08001b71   Thumb Code   116  stm32l4xx_hal_uart.o(i.UART_CheckIdleState)
    UART_SetConfig                           0x08001be5   Thumb Code  1158  stm32l4xx_hal_uart.o(i.UART_SetConfig)
    UART_WaitOnFlagUntilTimeout              0x08002077   Thumb Code   108  stm32l4xx_hal_uart.o(i.UART_WaitOnFlagUntilTimeout)
    UsageFault_Handler                       0x080020e3   Thumb Code     4  stm32l4xx_it.o(i.UsageFault_Handler)
    _sys_exit                                0x080020e7   Thumb Code     4  print.o(i._sys_exit)
    bsp_pandora_board_init                   0x080020eb   Thumb Code    16  bsp_pandora.o(i.bsp_pandora_board_init)
    console_uart_init                        0x08002185   Thumb Code    66  print.o(i.console_uart_init)
    delay_init                               0x08002229   Thumb Code    16  delay.o(i.delay_init)
    fputc                                    0x0800223d   Thumb Code    24  print.o(i.fputc)
    getch                                    0x08002259   Thumb Code    18  print.o(i.getch)
    main                                     0x0800226b   Thumb Code    30  kmain.o(i.main)
    main_app                                 0x08002289   Thumb Code    72  main_app.o(i.main_app)
    osal_driver_get_object                   0x080022dd   Thumb Code    24  osal_driver.o(i.osal_driver_get_object)
    osal_driver_new                          0x080022f9   Thumb Code    48  osal_driver.o(i.osal_driver_new)
    osal_driver_set_description              0x0800232d   Thumb Code    34  osal_driver.o(i.osal_driver_set_description)
    osal_leds_new                            0x0800249d   Thumb Code    38  osal_leds.o(i.osal_leds_new)
    osal_usart_new                           0x08002691   Thumb Code    62  osal_usart.o(i.osal_usart_new)
    _fp_init                                 0x08002755   Thumb Code    10  fpinit.o(x$fpl$fpinit)
    __fplib_config_fpu_vfp                   0x0800275d   Thumb Code     0  fpinit.o(x$fpl$fpinit)
    __fplib_config_pureend_doubles           0x0800275d   Thumb Code     0  fpinit.o(x$fpl$fpinit)
    AHBPrescTable                            0x08002760   Data          16  system_stm32l4xx.o(.constdata)
    APBPrescTable                            0x08002770   Data           8  system_stm32l4xx.o(.constdata)
    MSIRangeTable                            0x08002778   Data          48  system_stm32l4xx.o(.constdata)
    Region$$Table$$Base                      0x080027a8   Number         0  anon$$obj.o(Region$$Table)
    Region$$Table$$Limit                     0x080027c8   Number         0  anon$$obj.o(Region$$Table)
    SystemCoreClock                          0x20000000   Data           4  system_stm32l4xx.o(.data)
    __stdout                                 0x20000008   Data           4  print.o(.data)
    uwTick                                   0x20000478   Data           4  stm32l4xx_hal.o(.data)
    __libspace_start                         0x200004a0   Data          96  libspace.o(.bss)
    __temporary_stack_top$libspace           0x20000500   Data           0  libspace.o(.bss)



==============================================================================

Memory Map of the image

  Image Entry point : 0x08000189

  Load Region LR_IROM1 (Base: 0x08000000, Size: 0x00002c44, Max: 0x00080000, ABSOLUTE, COMPRESSED[0x00002848])

    Execution Region ER_IROM1 (Exec base: 0x08000000, Load base: 0x08000000, Size: 0x000027c8, Max: 0x00080000, ABSOLUTE)

    Exec Addr    Load Addr    Size         Type   Attr      Idx    E Section Name        Object

    0x08000000   0x08000000   0x00000188   Data   RO          474    RESET               startup_stm32l475xx.o
    0x08000188   0x08000188   0x00000008   Code   RO        11294  * !!!main             c_w.l(__main.o)
    0x08000190   0x08000190   0x00000034   Code   RO        11476    !!!scatter          c_w.l(__scatter.o)
    0x080001c4   0x080001c4   0x0000005a   Code   RO        11474    !!dczerorl2         c_w.l(__dczerorl2.o)
    0x0800021e   0x0800021e   0x00000002   PAD
    0x08000220   0x08000220   0x0000001c   Code   RO        11478    !!handler_zi        c_w.l(__scatter_zi.o)
    0x0800023c   0x0800023c   0x00000000   Code   RO        11289    .ARM.Collect$$_printf_percent$$00000000  c_w.l(_printf_percent.o)
    0x0800023c   0x0800023c   0x00000006   Code   RO        11288    .ARM.Collect$$_printf_percent$$00000009  c_w.l(_printf_d.o)
    0x08000242   0x08000242   0x00000006   Code   RO        11287    .ARM.Collect$$_printf_percent$$00000013  c_w.l(_printf_c.o)
    0x08000248   0x08000248   0x00000004   Code   RO        11309    .ARM.Collect$$_printf_percent$$00000017  c_w.l(_printf_percent_end.o)
    0x0800024c   0x0800024c   0x00000002   Code   RO        11348    .ARM.Collect$$libinit$$00000000  c_w.l(libinit.o)
    0x0800024e   0x0800024e   0x00000004   Code   RO        11360    .ARM.Collect$$libinit$$00000001  c_w.l(libinit2.o)
    0x08000252   0x08000252   0x00000000   Code   RO        11363    .ARM.Collect$$libinit$$00000004  c_w.l(libinit2.o)
    0x08000252   0x08000252   0x00000000   Code   RO        11366    .ARM.Collect$$libinit$$0000000A  c_w.l(libinit2.o)
    0x08000252   0x08000252   0x00000000   Code   RO        11368    .ARM.Collect$$libinit$$0000000C  c_w.l(libinit2.o)
    0x08000252   0x08000252   0x00000000   Code   RO        11370    .ARM.Collect$$libinit$$0000000E  c_w.l(libinit2.o)
    0x08000252   0x08000252   0x00000000   Code   RO        11373    .ARM.Collect$$libinit$$00000011  c_w.l(libinit2.o)
    0x08000252   0x08000252   0x00000000   Code   RO        11375    .ARM.Collect$$libinit$$00000013  c_w.l(libinit2.o)
    0x08000252   0x08000252   0x00000000   Code   RO        11377    .ARM.Collect$$libinit$$00000015  c_w.l(libinit2.o)
    0x08000252   0x08000252   0x00000000   Code   RO        11379    .ARM.Collect$$libinit$$00000017  c_w.l(libinit2.o)
    0x08000252   0x08000252   0x00000000   Code   RO        11381    .ARM.Collect$$libinit$$00000019  c_w.l(libinit2.o)
    0x08000252   0x08000252   0x00000000   Code   RO        11383    .ARM.Collect$$libinit$$0000001B  c_w.l(libinit2.o)
    0x08000252   0x08000252   0x00000000   Code   RO        11385    .ARM.Collect$$libinit$$0000001D  c_w.l(libinit2.o)
    0x08000252   0x08000252   0x00000000   Code   RO        11387    .ARM.Collect$$libinit$$0000001F  c_w.l(libinit2.o)
    0x08000252   0x08000252   0x00000000   Code   RO        11389    .ARM.Collect$$libinit$$00000021  c_w.l(libinit2.o)
    0x08000252   0x08000252   0x00000000   Code   RO        11391    .ARM.Collect$$libinit$$00000023  c_w.l(libinit2.o)
    0x08000252   0x08000252   0x00000000   Code   RO        11393    .ARM.Collect$$libinit$$00000025  c_w.l(libinit2.o)
    0x08000252   0x08000252   0x00000000   Code   RO        11397    .ARM.Collect$$libinit$$0000002C  c_w.l(libinit2.o)
    0x08000252   0x08000252   0x00000000   Code   RO        11399    .ARM.Collect$$libinit$$0000002E  c_w.l(libinit2.o)
    0x08000252   0x08000252   0x00000000   Code   RO        11401    .ARM.Collect$$libinit$$00000030  c_w.l(libinit2.o)
    0x08000252   0x08000252   0x00000000   Code   RO        11403    .ARM.Collect$$libinit$$00000032  c_w.l(libinit2.o)
    0x08000252   0x08000252   0x00000002   Code   RO        11404    .ARM.Collect$$libinit$$00000033  c_w.l(libinit2.o)
    0x08000254   0x08000254   0x00000002   Code   RO        11430    .ARM.Collect$$libshutdown$$00000000  c_w.l(libshutdown.o)
    0x08000256   0x08000256   0x00000000   Code   RO        11457    .ARM.Collect$$libshutdown$$00000002  c_w.l(libshutdown2.o)
    0x08000256   0x08000256   0x00000000   Code   RO        11459    .ARM.Collect$$libshutdown$$00000004  c_w.l(libshutdown2.o)
    0x08000256   0x08000256   0x00000000   Code   RO        11462    .ARM.Collect$$libshutdown$$00000007  c_w.l(libshutdown2.o)
    0x08000256   0x08000256   0x00000000   Code   RO        11465    .ARM.Collect$$libshutdown$$0000000A  c_w.l(libshutdown2.o)
    0x08000256   0x08000256   0x00000000   Code   RO        11467    .ARM.Collect$$libshutdown$$0000000C  c_w.l(libshutdown2.o)
    0x08000256   0x08000256   0x00000000   Code   RO        11470    .ARM.Collect$$libshutdown$$0000000F  c_w.l(libshutdown2.o)
    0x08000256   0x08000256   0x00000002   Code   RO        11471    .ARM.Collect$$libshutdown$$00000010  c_w.l(libshutdown2.o)
    0x08000258   0x08000258   0x00000000   Code   RO        11298    .ARM.Collect$$rtentry$$00000000  c_w.l(__rtentry.o)
    0x08000258   0x08000258   0x00000000   Code   RO        11311    .ARM.Collect$$rtentry$$00000002  c_w.l(__rtentry2.o)
    0x08000258   0x08000258   0x00000006   Code   RO        11323    .ARM.Collect$$rtentry$$00000004  c_w.l(__rtentry4.o)
    0x0800025e   0x0800025e   0x00000000   Code   RO        11313    .ARM.Collect$$rtentry$$00000009  c_w.l(__rtentry2.o)
    0x0800025e   0x0800025e   0x00000004   Code   RO        11314    .ARM.Collect$$rtentry$$0000000A  c_w.l(__rtentry2.o)
    0x08000262   0x08000262   0x00000000   Code   RO        11316    .ARM.Collect$$rtentry$$0000000C  c_w.l(__rtentry2.o)
    0x08000262   0x08000262   0x00000008   Code   RO        11317    .ARM.Collect$$rtentry$$0000000D  c_w.l(__rtentry2.o)
    0x0800026a   0x0800026a   0x00000002   Code   RO        11352    .ARM.Collect$$rtexit$$00000000  c_w.l(rtexit.o)
    0x0800026c   0x0800026c   0x00000000   Code   RO        11406    .ARM.Collect$$rtexit$$00000002  c_w.l(rtexit2.o)
    0x0800026c   0x0800026c   0x00000004   Code   RO        11407    .ARM.Collect$$rtexit$$00000003  c_w.l(rtexit2.o)
    0x08000270   0x08000270   0x00000006   Code   RO        11408    .ARM.Collect$$rtexit$$00000004  c_w.l(rtexit2.o)
    0x08000276   0x08000276   0x00000002   PAD
    0x08000278   0x08000278   0x00000040   Code   RO          475    .text               startup_stm32l475xx.o
    0x080002b8   0x080002b8   0x00000002   Code   RO        11253    .text               c_w.l(use_no_semi_2.o)
    0x080002ba   0x080002ba   0x000000ee   Code   RO        11255    .text               c_w.l(lludivv7m.o)
    0x080003a8   0x080003a8   0x00000018   Code   RO        11259    .text               c_w.l(noretval__2printf.o)
    0x080003c0   0x080003c0   0x00000068   Code   RO        11261    .text               c_w.l(__printf.o)
    0x08000428   0x08000428   0x00000052   Code   RO        11263    .text               c_w.l(_printf_str.o)
    0x0800047a   0x0800047a   0x00000002   PAD
    0x0800047c   0x0800047c   0x00000078   Code   RO        11265    .text               c_w.l(_printf_dec.o)
    0x080004f4   0x080004f4   0x00000006   Code   RO        11292    .text               c_w.l(heapauxi.o)
    0x080004fa   0x080004fa   0x00000002   Code   RO        11296    .text               c_w.l(use_no_semi.o)
    0x080004fc   0x080004fc   0x000000b2   Code   RO        11303    .text               c_w.l(_printf_intcommon.o)
    0x080005ae   0x080005ae   0x0000002c   Code   RO        11305    .text               c_w.l(_printf_char.o)
    0x080005da   0x080005da   0x00000002   PAD
    0x080005dc   0x080005dc   0x00000024   Code   RO        11307    .text               c_w.l(_printf_char_file.o)
    0x08000600   0x08000600   0x00000030   Code   RO        11327    .text               c_w.l(_printf_char_common.o)
    0x08000630   0x08000630   0x00000008   Code   RO        11329    .text               c_w.l(ferror.o)
    0x08000638   0x08000638   0x0000004a   Code   RO        11333    .text               c_w.l(sys_stackheap_outer.o)
    0x08000682   0x08000682   0x00000012   Code   RO        11337    .text               c_w.l(exit.o)
    0x08000694   0x08000694   0x00000008   Code   RO        11349    .text               c_w.l(libspace.o)
    0x0800069c   0x0800069c   0x00000004   Code   RO          363    i.BusFault_Handler  stm32l4xx_it.o
    0x080006a0   0x080006a0   0x00000002   Code   RO          364    i.DebugMon_Handler  stm32l4xx_it.o
    0x080006a2   0x080006a2   0x00000002   PAD
    0x080006a4   0x080006a4   0x00000144   Code   RO         3332    i.HAL_GPIO_DeInit   stm32l4xx_hal_gpio.o
    0x080007e8   0x080007e8   0x00000204   Code   RO         3335    i.HAL_GPIO_Init     stm32l4xx_hal_gpio.o
    0x080009ec   0x080009ec   0x00000008   Code   RO         3338    i.HAL_GPIO_TogglePin  stm32l4xx_hal_gpio.o
    0x080009f4   0x080009f4   0x0000000a   Code   RO         3339    i.HAL_GPIO_WritePin  stm32l4xx_hal_gpio.o
    0x080009fe   0x080009fe   0x00000002   PAD
    0x08000a00   0x08000a00   0x0000000c   Code   RO          835    i.HAL_GetTick       stm32l4xx_hal.o
    0x08000a0c   0x08000a0c   0x00000010   Code   RO          839    i.HAL_IncTick       stm32l4xx_hal.o
    0x08000a1c   0x08000a1c   0x0000001e   Code   RO          840    i.HAL_Init          stm32l4xx_hal.o
    0x08000a3a   0x08000a3a   0x00000002   PAD
    0x08000a3c   0x08000a3c   0x00000030   Code   RO          841    i.HAL_InitTick      stm32l4xx_hal.o
    0x08000a6c   0x08000a6c   0x00000002   Code   RO          334    i.HAL_MspInit       stm32l4xx_hal_msp.o
    0x08000a6e   0x08000a6e   0x00000082   Code   RO         1885    i.HAL_NVIC_SetPriority  stm32l4xx_hal_cortex.o
    0x08000af0   0x08000af0   0x00000028   Code   RO         1886    i.HAL_NVIC_SetPriorityGrouping  stm32l4xx_hal_cortex.o
    0x08000b18   0x08000b18   0x00000010   Code   RO         5600    i.HAL_PWREx_GetVoltageRange  stm32l4xx_hal_pwr_ex.o
    0x08000b28   0x08000b28   0x00000178   Code   RO         6071    i.HAL_RCC_ClockConfig  stm32l4xx_hal_rcc.o
    0x08000ca0   0x08000ca0   0x0000000c   Code   RO         6075    i.HAL_RCC_GetHCLKFreq  stm32l4xx_hal_rcc.o
    0x08000cac   0x08000cac   0x00000024   Code   RO         6077    i.HAL_RCC_GetPCLK1Freq  stm32l4xx_hal_rcc.o
    0x08000cd0   0x08000cd0   0x00000024   Code   RO         6078    i.HAL_RCC_GetPCLK2Freq  stm32l4xx_hal_rcc.o
    0x08000cf4   0x08000cf4   0x0000011c   Code   RO         6079    i.HAL_RCC_GetSysClockFreq  stm32l4xx_hal_rcc.o
    0x08000e10   0x08000e10   0x0000060c   Code   RO         6082    i.HAL_RCC_OscConfig  stm32l4xx_hal_rcc.o
    0x0800141c   0x0800141c   0x00000028   Code   RO         1888    i.HAL_SYSTICK_CLKSourceConfig  stm32l4xx_hal_cortex.o
    0x08001444   0x08001444   0x00000034   Code   RO         1890    i.HAL_SYSTICK_Config  stm32l4xx_hal_cortex.o
    0x08001478   0x08001478   0x00000078   Code   RO         9618    i.HAL_UART_Init     stm32l4xx_hal_uart.o
    0x080014f0   0x080014f0   0x00000134   Code   RO          736    i.HAL_UART_MspInit  osal_usart.o
    0x08001624   0x08001624   0x00000116   Code   RO         9621    i.HAL_UART_Receive  stm32l4xx_hal_uart.o
    0x0800173a   0x0800173a   0x000000c8   Code   RO         9626    i.HAL_UART_Transmit  stm32l4xx_hal_uart.o
    0x08001802   0x08001802   0x00000004   Code   RO          365    i.HardFault_Handler  stm32l4xx_it.o
    0x08001806   0x08001806   0x00000004   Code   RO          366    i.MemManage_Handler  stm32l4xx_it.o
    0x0800180a   0x0800180a   0x00000002   Code   RO          367    i.NMI_Handler       stm32l4xx_it.o
    0x0800180c   0x0800180c   0x00000010   Code   RO         1892    i.NVIC_GetPriorityGrouping  stm32l4xx_hal_cortex.o
    0x0800181c   0x0800181c   0x00000028   Code   RO         1893    i.NVIC_SetPriority  stm32l4xx_hal_cortex.o
    0x08001844   0x08001844   0x00000002   Code   RO          368    i.PendSV_Handler    stm32l4xx_it.o
    0x08001846   0x08001846   0x00000002   PAD
    0x08001848   0x08001848   0x0000009c   Code   RO         6083    i.RCC_SetFlashLatencyFromMSIRange  stm32l4xx_hal_rcc.o
    0x080018e4   0x080018e4   0x00000002   Code   RO          369    i.SVC_Handler       stm32l4xx_it.o
    0x080018e6   0x080018e6   0x00000008   Code   RO          370    i.SysTick_Handler   stm32l4xx_it.o
    0x080018ee   0x080018ee   0x00000002   PAD
    0x080018f0   0x080018f0   0x000000dc   Code   RO          299    i.SystemClock_All_GpioClock_Enable  kmain.o
    0x080019cc   0x080019cc   0x0000005c   Code   RO          300    i.SystemClock_Config  kmain.o
    0x08001a28   0x08001a28   0x00000050   Code   RO          439    i.SystemInit        system_stm32l4xx.o
    0x08001a78   0x08001a78   0x000000f8   Code   RO         9631    i.UART_AdvFeatureConfig  stm32l4xx_hal_uart.o
    0x08001b70   0x08001b70   0x00000074   Code   RO         9632    i.UART_CheckIdleState  stm32l4xx_hal_uart.o
    0x08001be4   0x08001be4   0x00000492   Code   RO         9648    i.UART_SetConfig    stm32l4xx_hal_uart.o
    0x08002076   0x08002076   0x0000006c   Code   RO         9651    i.UART_WaitOnFlagUntilTimeout  stm32l4xx_hal_uart.o
    0x080020e2   0x080020e2   0x00000004   Code   RO          371    i.UsageFault_Handler  stm32l4xx_it.o
    0x080020e6   0x080020e6   0x00000004   Code   RO          584    i._sys_exit         print.o
    0x080020ea   0x080020ea   0x00000010   Code   RO          793    i.bsp_pandora_board_init  bsp_pandora.o
    0x080020fa   0x080020fa   0x00000002   PAD
    0x080020fc   0x080020fc   0x0000005c   Code   RO          794    i.bsp_pandora_driver_register  bsp_pandora.o
    0x08002158   0x08002158   0x0000002c   Code   RO          585    i.console_uart_getch  print.o
    0x08002184   0x08002184   0x000000a4   Code   RO          586    i.console_uart_init  print.o
    0x08002228   0x08002228   0x00000014   Code   RO          482    i.delay_init        delay.o
    0x0800223c   0x0800223c   0x0000001c   Code   RO          588    i.fputc             print.o
    0x08002258   0x08002258   0x00000012   Code   RO          589    i.getch             print.o
    0x0800226a   0x0800226a   0x0000001e   Code   RO          301    i.main              kmain.o
    0x08002288   0x08002288   0x00000054   Code   RO            4    i.main_app          main_app.o
    0x080022dc   0x080022dc   0x0000001c   Code   RO          649    i.osal_driver_get_object  osal_driver.o
    0x080022f8   0x080022f8   0x00000034   Code   RO          650    i.osal_driver_new   osal_driver.o
    0x0800232c   0x0800232c   0x00000028   Code   RO          651    i.osal_driver_set_description  osal_driver.o
    0x08002354   0x08002354   0x00000068   Code   RO          687    i.osal_leds_deinit  osal_leds.o
    0x080023bc   0x080023bc   0x000000e0   Code   RO          688    i.osal_leds_init    osal_leds.o
    0x0800249c   0x0800249c   0x0000003c   Code   RO          689    i.osal_leds_new     osal_leds.o
    0x080024d8   0x080024d8   0x000000c2   Code   RO          690    i.osal_leds_set_output  osal_leds.o
    0x0800259a   0x0800259a   0x0000008e   Code   RO          691    i.osal_leds_toggle  osal_leds.o
    0x08002628   0x08002628   0x0000000e   Code   RO          737    i.osal_usart_assert  osal_usart.o
    0x08002636   0x08002636   0x00000008   Code   RO          738    i.osal_usart_deinit  osal_usart.o
    0x0800263e   0x0800263e   0x00000050   Code   RO          739    i.osal_usart_init   osal_usart.o
    0x0800268e   0x0800268e   0x00000002   PAD
    0x08002690   0x08002690   0x00000054   Code   RO          740    i.osal_usart_new    osal_usart.o
    0x080026e4   0x080026e4   0x00000038   Code   RO          741    i.osal_usart_receive  osal_usart.o
    0x0800271c   0x0800271c   0x00000038   Code   RO          742    i.osal_usart_transmit  osal_usart.o
    0x08002754   0x08002754   0x0000000a   Code   RO        11418    x$fpl$fpinit        fz_wm.l(fpinit.o)
    0x0800275e   0x0800275e   0x00000002   PAD
    0x08002760   0x08002760   0x00000048   Data   RO          440    .constdata          system_stm32l4xx.o
    0x080027a8   0x080027a8   0x00000020   Data   RO        11472    Region$$Table       anon$$obj.o


    Execution Region RW_IRAM1 (Exec base: 0x20000000, Load base: 0x080027c8, Size: 0x00000b00, Max: 0x00018000, ABSOLUTE, COMPRESSED[0x00000080])

    Exec Addr    Load Addr    Size         Type   Attr      Idx    E Section Name        Object

    0x20000000   COMPRESSED   0x00000004   Data   RW          441    .data               system_stm32l4xx.o
    0x20000004   COMPRESSED   0x00000004   Data   RW          485    .data               delay.o
    0x20000008   COMPRESSED   0x0000000c   Data   RW          591    .data               print.o
    0x20000014   COMPRESSED   0x000000c0   Data   RW          652    .data               osal_driver.o
    0x200000d4   COMPRESSED   0x00000260   Data   RW          743    .data               osal_usart.o
    0x20000334   COMPRESSED   0x00000144   Data   RW          795    .data               bsp_pandora.o
    0x20000478   COMPRESSED   0x00000004   Data   RW          856    .data               stm32l4xx_hal.o
    0x2000047c        -       0x00000024   Zero   RW          692    .bss                osal_leds.o
    0x200004a0        -       0x00000060   Zero   RW        11350    .bss                c_w.l(libspace.o)
    0x20000500        -       0x00000200   Zero   RW          473    HEAP                startup_stm32l475xx.o
    0x20000700        -       0x00000400   Zero   RW          472    STACK               startup_stm32l475xx.o


==============================================================================

Image component sizes


      Code (inc. data)   RO Data    RW Data    ZI Data      Debug   Object Name

       108         18          0        324          0       1897   bsp_pandora.o
        20          4          0          4          0        729   delay.o
       342          6          0          0          0       2475   kmain.o
        84         12          0          0          0     766687   main_app.o
       120         14          0        192          0       2781   osal_driver.o
       724         22          0          0         36       4976   osal_leds.o
       606         46          0        608          0       6076   osal_usart.o
       258        108          0         12          0       4970   print.o
        64         26        392          0       1536        888   startup_stm32l475xx.o
       106         14          0          4          0       3667   stm32l4xx_hal.o
       318         22          0          0          0      30868   stm32l4xx_hal_cortex.o
       858         68          0          0          0       3911   stm32l4xx_hal_gpio.o
         2          0          0          0          0        510   stm32l4xx_hal_msp.o
        16          6          0          0          0        580   stm32l4xx_hal_pwr_ex.o
      2448         98          0          0          0       7392   stm32l4xx_hal_rcc.o
      2240         50          0          0          0       7212   stm32l4xx_hal_uart.o
        32          0          0          0          0       4602   stm32l4xx_it.o
        80         12         72          4          0       1453   system_stm32l4xx.o

    ----------------------------------------------------------------------
      8440        526        496       1148       1572     851674   Object Totals
         0          0         32          0          0          0   (incl. Generated)
        14          0          0          0          0          0   (incl. Padding)

    ----------------------------------------------------------------------

      Code (inc. data)   RO Data    RW Data    ZI Data      Debug   Library Member Name

        90          0          0          0          0          0   __dczerorl2.o
         8          0          0          0          0         68   __main.o
       104          0          0          0          0         84   __printf.o
         0          0          0          0          0          0   __rtentry.o
        12          0          0          0          0          0   __rtentry2.o
         6          0          0          0          0          0   __rtentry4.o
        52          8          0          0          0          0   __scatter.o
        28          0          0          0          0          0   __scatter_zi.o
         6          0          0          0          0          0   _printf_c.o
        44          0          0          0          0        108   _printf_char.o
        48          6          0          0          0         96   _printf_char_common.o
        36          4          0          0          0         80   _printf_char_file.o
         6          0          0          0          0          0   _printf_d.o
       120         16          0          0          0         92   _printf_dec.o
       178          0          0          0          0         88   _printf_intcommon.o
         0          0          0          0          0          0   _printf_percent.o
         4          0          0          0          0          0   _printf_percent_end.o
        82          0          0          0          0         80   _printf_str.o
        18          0          0          0          0         80   exit.o
         8          0          0          0          0         68   ferror.o
         6          0          0          0          0        152   heapauxi.o
         2          0          0          0          0          0   libinit.o
         6          0          0          0          0          0   libinit2.o
         2          0          0          0          0          0   libshutdown.o
         2          0          0          0          0          0   libshutdown2.o
         8          4          0          0         96         68   libspace.o
       238          0          0          0          0        100   lludivv7m.o
        24          4          0          0          0         84   noretval__2printf.o
         2          0          0          0          0          0   rtexit.o
        10          0          0          0          0          0   rtexit2.o
        74          0          0          0          0         80   sys_stackheap_outer.o
         2          0          0          0          0         68   use_no_semi.o
         2          0          0          0          0         68   use_no_semi_2.o
        10          0          0          0          0        116   fpinit.o

    ----------------------------------------------------------------------
      1248         42          0          0         96       1580   Library Totals
        10          0          0          0          0          0   (incl. Padding)

    ----------------------------------------------------------------------

      Code (inc. data)   RO Data    RW Data    ZI Data      Debug   Library Name

      1228         42          0          0         96       1464   c_w.l
        10          0          0          0          0        116   fz_wm.l

    ----------------------------------------------------------------------
      1248         42          0          0         96       1580   Library Totals

    ----------------------------------------------------------------------

==============================================================================


      Code (inc. data)   RO Data    RW Data    ZI Data      Debug   

      9688        568        496       1148       1668     846478   Grand Totals
      9688        568        496        128       1668     846478   ELF Image Totals (compressed)
      9688        568        496        128          0          0   ROM Totals

==============================================================================

    Total RO  Size (Code + RO Data)                10184 (   9.95kB)
    Total RW  Size (RW Data + ZI Data)              2816 (   2.75kB)
    Total ROM Size (Code + RO Data + RW Data)      10312 (  10.07kB)

==============================================================================

