<html>
<body>
<pre>
<h1>礦ision Build Log</h1>
<h2>Tool Versions:</h2>
IDE-Version: μVision V5.25.2.0
Copyright (C) 2018 ARM Ltd and ARM Germany GmbH. All rights reserved.
License Information: zhonyu zz, aaa, LIC=JDA0P-MJAN0-QIN5M-XIQFY-3ZTP8-2BWFK
 
Tool Versions:
Toolchain:       MDK-ARM Professional  Version: 5.25.2.0
Toolchain Path:  D:\software\MDK\exe\ARM\ARMCC\Bin
C Compiler:      Armcc.exe V5.06 update 6 (build 750)
Assembler:       Armasm.exe V5.06 update 6 (build 750)
Linker/Locator:  ArmLink.exe V5.06 update 6 (build 750)
Library Manager: ArmAr.exe V5.06 update 6 (build 750)
Hex Converter:   FromElf.exe V5.06 update 6 (build 750)
CPU DLL:         SARMCM3.DLL V5.25.2.0
Dialog DLL:      DCM.DLL V1.17.1.0
Target DLL:      STLink\ST-LINKIII-KEIL_SWO.dll V3.0.1.0
Dialog DLL:      TCM.DLL V1.35.1.0
 
<h2>Project:</h2>
D:\software\cygwin\home\13631\github\stm32L475xx-Pdra\prj\keil\nudity.uvprojx
Project File Date:  11/01/2021

<h2>Output:</h2>
*** Using Compiler 'V5.06 update 6 (build 750)', folder: 'D:\software\MDK\exe\ARM\ARMCC\Bin'
Rebuild target 'nudity_system'
compiling sys.c...
compiling system_stm32l4xx.c...
compiling stm32l4xx_it.c...
compiling main_app.c...
compiling stm32l4xx_hal_msp.c...
compiling delay.c...
compiling main.c...
..\..\kernel\core\stm32l4xx\kstart\main.c(130): warning:  #223-D: function "delay_init" declared implicitly
    delay_init(80); 		//初始化延时函数    80M系统时钟
..\..\kernel\core\stm32l4xx\kstart\main.c: 1 warning, 0 errors
assembling startup_stm32l475xx.s...
compiling stm32l4xx_hal_can.c...
compiling stm32l4xx_hal_adc.c...
compiling stm32l4xx_hal.c...
compiling usart.c...
compiling print.c...
compiling stm32l4xx_hal_adc_ex.c...
compiling stm32l4xx_hal_comp.c...
compiling stm32l4xx_hal_cryp_ex.c...
compiling stm32l4xx_hal_crc.c...
compiling stm32l4xx_hal_cryp.c...
compiling stm32l4xx_hal_crc_ex.c...
compiling stm32l4xx_hal_dac_ex.c...
compiling stm32l4xx_hal_cortex.c...
compiling stm32l4xx_hal_dac.c...
compiling stm32l4xx_hal_dma_ex.c...
compiling stm32l4xx_hal_dsi.c...
compiling stm32l4xx_hal_dcmi.c...
compiling stm32l4xx_hal_dfsdm.c...
compiling stm32l4xx_hal_dfsdm_ex.c...
compiling stm32l4xx_hal_dma.c...
compiling stm32l4xx_hal_dma2d.c...
compiling stm32l4xx_hal_flash_ex.c...
compiling stm32l4xx_hal_gfxmmu.c...
compiling stm32l4xx_hal_flash_ramfunc.c...
compiling stm32l4xx_hal_gpio.c...
compiling stm32l4xx_hal_firewall.c...
compiling stm32l4xx_hal_flash.c...
compiling stm32l4xx_hal_exti.c...
compiling stm32l4xx_hal_i2c_ex.c...
compiling stm32l4xx_hal_hcd.c...
compiling stm32l4xx_hal_hash_ex.c...
compiling stm32l4xx_hal_iwdg.c...
compiling stm32l4xx_hal_hash.c...
compiling stm32l4xx_hal_irda.c...
compiling stm32l4xx_hal_i2c.c...
compiling stm32l4xx_hal_nand.c...
compiling stm32l4xx_hal_nor.c...
compiling stm32l4xx_hal_opamp.c...
compiling stm32l4xx_hal_ltdc_ex.c...
compiling stm32l4xx_hal_lptim.c...
compiling stm32l4xx_hal_ltdc.c...
compiling stm32l4xx_hal_lcd.c...
compiling stm32l4xx_hal_qspi.c...
compiling stm32l4xx_hal_pwr_ex.c...
compiling stm32l4xx_hal_pcd.c...
compiling stm32l4xx_hal_opamp_ex.c...
compiling stm32l4xx_hal_pcd_ex.c...
compiling stm32l4xx_hal_pwr.c...
compiling stm32l4xx_hal_ospi.c...
compiling stm32l4xx_hal_rcc.c...
compiling stm32l4xx_hal_sai_ex.c...
compiling stm32l4xx_hal_rtc.c...
compiling stm32l4xx_hal_rng.c...
compiling stm32l4xx_hal_rtc_ex.c...
compiling stm32l4xx_hal_sai.c...
compiling stm32l4xx_hal_rcc_ex.c...
compiling stm32l4xx_hal_sd.c...
compiling stm32l4xx_hal_smartcard_ex.c...
compiling stm32l4xx_hal_sd_ex.c...
compiling stm32l4xx_hal_smartcard.c...
compiling stm32l4xx_hal_sram.c...
compiling stm32l4xx_hal_spi_ex.c...
compiling stm32l4xx_hal_spi.c...
compiling stm32l4xx_hal_smbus.c...
compiling stm32l4xx_hal_tim_ex.c...
compiling stm32l4xx_hal_swpmi.c...
compiling stm32l4xx_hal_tsc.c...
compiling stm32l4xx_hal_tim.c...
compiling stm32l4xx_ll_adc.c...
compiling stm32l4xx_ll_comp.c...
compiling stm32l4xx_hal_uart_ex.c...
compiling stm32l4xx_hal_uart.c...
compiling stm32l4xx_hal_usart.c...
compiling stm32l4xx_ll_crs.c...
compiling stm32l4xx_ll_dma.c...
compiling stm32l4xx_ll_dma2d.c...
compiling stm32l4xx_ll_crc.c...
compiling stm32l4xx_ll_dac.c...
compiling stm32l4xx_ll_i2c.c...
compiling stm32l4xx_ll_lptim.c...
compiling stm32l4xx_ll_exti.c...
compiling stm32l4xx_ll_gpio.c...
compiling stm32l4xx_ll_opamp.c...
compiling stm32l4xx_ll_lpuart.c...
compiling stm32l4xx_ll_pwr.c...
compiling stm32l4xx_hal_wwdg.c...
compiling stm32l4xx_hal_usart_ex.c...
compiling stm32l4xx_ll_rcc.c...
compiling stm32l4xx_ll_rtc.c...
compiling stm32l4xx_ll_rng.c...
compiling stm32l4xx_ll_swpmi.c...
compiling stm32l4xx_ll_spi.c...
compiling stm32l4xx_ll_usart.c...
compiling stm32l4xx_ll_tim.c...
compiling stm32l4xx_ll_fmc.c...
compiling stm32l4xx_ll_sdmmc.c...
compiling bsp_pandora.c...
compiling osal_leds.c...
compiling stm32l4xx_ll_usb.c...
compiling stm32l4xx_ll_utils.c...
compiling osal_driver.c...
compiling osal_usart.c...
linking...
Program Size: Code=9688 RO-data=496 RW-data=1148 ZI-data=1668  
FromELF: creating hex file...
".\obj\nudity.axf" - 0 Error(s), 1 Warning(s).

<h2>Software Packages used:</h2>

Package Vendor: Keil
                http://www.keil.com/pack/Keil.STM32L4xx_DFP.2.0.0.pack
                Keil.STM32L4xx_DFP.2.0.0
                STMicroelectronics STM32L4 Series Device Support, Drivers and Examples

<h2>Collection of Component include folders:</h2>
  .\RTE\_nudity_system
  D:\software\MDK\exe\ARM\PACK\Keil\STM32L4xx_DFP\2.0.0\Drivers\CMSIS\Device\ST\STM32L4xx\Include

<h2>Collection of Component Files used:</h2>
Build Time Elapsed:  00:00:34
</pre>
</body>
</html>
